2025/02/19 16:31:40 [error] [exception.CHttpException.404] CHttpException: The system is unable to find the requested action "post". in C:\xampp\htdocs\yiiblog\framework\web\CController.php:486
Stack trace:
#0 C:\xampp\htdocs\yiiblog\framework\web\CController.php(270): CController->missingAction('post')
#1 C:\xampp\htdocs\yiiblog\framework\web\CWebApplication.php(282): CController->run('post')
#2 C:\xampp\htdocs\yiiblog\framework\web\CWebApplication.php(141): CWebApplication->runController('site/post')
#3 C:\xampp\htdocs\yiiblog\framework\base\CApplication.php(185): CWebApplication->processRequest()
#4 C:\xampp\htdocs\yiiblog\index.php(13): CApplication->run()
#5 {main}
REQUEST_URI=/yiiblog/index.php/site/post
---
2025/02/19 16:33:10 [error] [exception.CHttpException.403] CHttpException: You are not authorized to perform this action. in C:\xampp\htdocs\yiiblog\framework\web\auth\CAccessControlFilter.php:183
Stack trace:
#0 C:\xampp\htdocs\yiiblog\framework\web\auth\CAccessControlFilter.php(145): CAccessControlFilter->accessDenied(Object(CWebUser), 'You are not aut...')
#1 C:\xampp\htdocs\yiiblog\framework\web\filters\CFilter.php(38): CAccessControlFilter->preFilter(Object(CFilterChain))
#2 C:\xampp\htdocs\yiiblog\framework\web\CController.php(1148): CFilter->filter(Object(CFilterChain))
#3 C:\xampp\htdocs\yiiblog\framework\web\filters\CInlineFilter.php(58): CController->filterAccessControl(Object(CFilterChain))
#4 C:\xampp\htdocs\yiiblog\framework\web\filters\CFilterChain.php(131): CInlineFilter->filter(Object(CFilterChain))
#5 C:\xampp\htdocs\yiiblog\framework\web\CController.php(291): CFilterChain->run()
#6 C:\xampp\htdocs\yiiblog\framework\web\CController.php(265): CController->runActionWithFilters(Object(CInlineAction), Array)
#7 C:\xampp\htdocs\yiiblog\framework\web\CWebApplication.php(282): CController->run('admin')
#8 C:\xampp\htdocs\yiiblog\framework\web\CWebApplication.php(141): CWebApplication->runController('post/admin')
#9 C:\xampp\htdocs\yiiblog\framework\base\CApplication.php(185): CWebApplication->processRequest()
#10 C:\xampp\htdocs\yiiblog\index.php(13): CApplication->run()
#11 {main}
REQUEST_URI=/yiiblog/index.php/post/admin
HTTP_REFERER=http://localhost/yiiblog/index.php/post/index
---
2025/02/19 16:33:20 [error] [exception.CHttpException.403] CHttpException: You are not authorized to perform this action. in C:\xampp\htdocs\yiiblog\framework\web\auth\CAccessControlFilter.php:183
Stack trace:
#0 C:\xampp\htdocs\yiiblog\framework\web\auth\CAccessControlFilter.php(145): CAccessControlFilter->accessDenied(Object(CWebUser), 'You are not aut...')
#1 C:\xampp\htdocs\yiiblog\framework\web\filters\CFilter.php(38): CAccessControlFilter->preFilter(Object(CFilterChain))
#2 C:\xampp\htdocs\yiiblog\framework\web\CController.php(1148): CFilter->filter(Object(CFilterChain))
#3 C:\xampp\htdocs\yiiblog\framework\web\filters\CInlineFilter.php(58): CController->filterAccessControl(Object(CFilterChain))
#4 C:\xampp\htdocs\yiiblog\framework\web\filters\CFilterChain.php(131): CInlineFilter->filter(Object(CFilterChain))
#5 C:\xampp\htdocs\yiiblog\framework\web\CController.php(291): CFilterChain->run()
#6 C:\xampp\htdocs\yiiblog\framework\web\CController.php(265): CController->runActionWithFilters(Object(CInlineAction), Array)
#7 C:\xampp\htdocs\yiiblog\framework\web\CWebApplication.php(282): CController->run('admin')
#8 C:\xampp\htdocs\yiiblog\framework\web\CWebApplication.php(141): CWebApplication->runController('post/admin')
#9 C:\xampp\htdocs\yiiblog\framework\base\CApplication.php(185): CWebApplication->processRequest()
#10 C:\xampp\htdocs\yiiblog\index.php(13): CApplication->run()
#11 {main}
REQUEST_URI=/yiiblog/index.php/post/admin
HTTP_REFERER=http://localhost/yiiblog/index.php/post/create
---
2025/02/19 16:36:48 [error] [exception.CHttpException.403] CHttpException: You are not authorized to perform this action. in C:\xampp\htdocs\yiiblog\framework\web\auth\CAccessControlFilter.php:183
Stack trace:
#0 C:\xampp\htdocs\yiiblog\framework\web\auth\CAccessControlFilter.php(145): CAccessControlFilter->accessDenied(Object(CWebUser), 'You are not aut...')
#1 C:\xampp\htdocs\yiiblog\framework\web\filters\CFilter.php(38): CAccessControlFilter->preFilter(Object(CFilterChain))
#2 C:\xampp\htdocs\yiiblog\framework\web\CController.php(1148): CFilter->filter(Object(CFilterChain))
#3 C:\xampp\htdocs\yiiblog\framework\web\filters\CInlineFilter.php(58): CController->filterAccessControl(Object(CFilterChain))
#4 C:\xampp\htdocs\yiiblog\framework\web\filters\CFilterChain.php(131): CInlineFilter->filter(Object(CFilterChain))
#5 C:\xampp\htdocs\yiiblog\framework\web\CController.php(291): CFilterChain->run()
#6 C:\xampp\htdocs\yiiblog\framework\web\CController.php(265): CController->runActionWithFilters(Object(CInlineAction), Array)
#7 C:\xampp\htdocs\yiiblog\framework\web\CWebApplication.php(282): CController->run('admin')
#8 C:\xampp\htdocs\yiiblog\framework\web\CWebApplication.php(141): CWebApplication->runController('post/admin')
#9 C:\xampp\htdocs\yiiblog\framework\base\CApplication.php(185): CWebApplication->processRequest()
#10 C:\xampp\htdocs\yiiblog\index.php(13): CApplication->run()
#11 {main}
REQUEST_URI=/yiiblog/index.php/post/admin
HTTP_REFERER=http://localhost/yiiblog/index.php/post
---
2025/02/19 16:36:54 [error] [exception.CHttpException.403] CHttpException: You are not authorized to perform this action. in C:\xampp\htdocs\yiiblog\framework\web\auth\CAccessControlFilter.php:183
Stack trace:
#0 C:\xampp\htdocs\yiiblog\framework\web\auth\CAccessControlFilter.php(145): CAccessControlFilter->accessDenied(Object(CWebUser), 'You are not aut...')
#1 C:\xampp\htdocs\yiiblog\framework\web\filters\CFilter.php(38): CAccessControlFilter->preFilter(Object(CFilterChain))
#2 C:\xampp\htdocs\yiiblog\framework\web\CController.php(1148): CFilter->filter(Object(CFilterChain))
#3 C:\xampp\htdocs\yiiblog\framework\web\filters\CInlineFilter.php(58): CController->filterAccessControl(Object(CFilterChain))
#4 C:\xampp\htdocs\yiiblog\framework\web\filters\CFilterChain.php(131): CInlineFilter->filter(Object(CFilterChain))
#5 C:\xampp\htdocs\yiiblog\framework\web\CController.php(291): CFilterChain->run()
#6 C:\xampp\htdocs\yiiblog\framework\web\CController.php(265): CController->runActionWithFilters(Object(CInlineAction), Array)
#7 C:\xampp\htdocs\yiiblog\framework\web\CWebApplication.php(282): CController->run('admin')
#8 C:\xampp\htdocs\yiiblog\framework\web\CWebApplication.php(141): CWebApplication->runController('post/admin')
#9 C:\xampp\htdocs\yiiblog\framework\base\CApplication.php(185): CWebApplication->processRequest()
#10 C:\xampp\htdocs\yiiblog\index.php(13): CApplication->run()
#11 {main}
REQUEST_URI=/yiiblog/index.php/post/admin
HTTP_REFERER=http://localhost/yiiblog/index.php/post
---
2025/02/19 16:43:50 [error] [exception.CHttpException.403] CHttpException: You are not authorized to perform this action. in C:\xampp\htdocs\yiiblog\framework\web\auth\CAccessControlFilter.php:183
Stack trace:
#0 C:\xampp\htdocs\yiiblog\framework\web\auth\CAccessControlFilter.php(145): CAccessControlFilter->accessDenied(Object(CWebUser), 'You are not aut...')
#1 C:\xampp\htdocs\yiiblog\framework\web\filters\CFilter.php(38): CAccessControlFilter->preFilter(Object(CFilterChain))
#2 C:\xampp\htdocs\yiiblog\framework\web\CController.php(1148): CFilter->filter(Object(CFilterChain))
#3 C:\xampp\htdocs\yiiblog\framework\web\filters\CInlineFilter.php(58): CController->filterAccessControl(Object(CFilterChain))
#4 C:\xampp\htdocs\yiiblog\framework\web\filters\CFilterChain.php(131): CInlineFilter->filter(Object(CFilterChain))
#5 C:\xampp\htdocs\yiiblog\framework\web\CController.php(291): CFilterChain->run()
#6 C:\xampp\htdocs\yiiblog\framework\web\CController.php(265): CController->runActionWithFilters(Object(CInlineAction), Array)
#7 C:\xampp\htdocs\yiiblog\framework\web\CWebApplication.php(282): CController->run('admin')
#8 C:\xampp\htdocs\yiiblog\framework\web\CWebApplication.php(141): CWebApplication->runController('comment/admin')
#9 C:\xampp\htdocs\yiiblog\framework\base\CApplication.php(185): CWebApplication->processRequest()
#10 C:\xampp\htdocs\yiiblog\index.php(13): CApplication->run()
#11 {main}
REQUEST_URI=/yiiblog/index.php/comment/admin
HTTP_REFERER=http://localhost/yiiblog/index.php/comment/create
---
2025/02/19 16:44:49 [error] [exception.CHttpException.403] CHttpException: You are not authorized to perform this action. in C:\xampp\htdocs\yiiblog\framework\web\auth\CAccessControlFilter.php:183
Stack trace:
#0 C:\xampp\htdocs\yiiblog\framework\web\auth\CAccessControlFilter.php(145): CAccessControlFilter->accessDenied(Object(CWebUser), 'You are not aut...')
#1 C:\xampp\htdocs\yiiblog\framework\web\filters\CFilter.php(38): CAccessControlFilter->preFilter(Object(CFilterChain))
#2 C:\xampp\htdocs\yiiblog\framework\web\CController.php(1148): CFilter->filter(Object(CFilterChain))
#3 C:\xampp\htdocs\yiiblog\framework\web\filters\CInlineFilter.php(58): CController->filterAccessControl(Object(CFilterChain))
#4 C:\xampp\htdocs\yiiblog\framework\web\filters\CFilterChain.php(131): CInlineFilter->filter(Object(CFilterChain))
#5 C:\xampp\htdocs\yiiblog\framework\web\CController.php(291): CFilterChain->run()
#6 C:\xampp\htdocs\yiiblog\framework\web\CController.php(265): CController->runActionWithFilters(Object(CInlineAction), Array)
#7 C:\xampp\htdocs\yiiblog\framework\web\CWebApplication.php(282): CController->run('admin')
#8 C:\xampp\htdocs\yiiblog\framework\web\CWebApplication.php(141): CWebApplication->runController('post/admin')
#9 C:\xampp\htdocs\yiiblog\framework\base\CApplication.php(185): CWebApplication->processRequest()
#10 C:\xampp\htdocs\yiiblog\index.php(13): CApplication->run()
#11 {main}
REQUEST_URI=/yiiblog/index.php/post/admin
HTTP_REFERER=http://localhost/yiiblog/index.php/post/create
---
2025/02/19 16:45:14 [error] [exception.CHttpException.403] CHttpException: You are not authorized to perform this action. in C:\xampp\htdocs\yiiblog\framework\web\auth\CAccessControlFilter.php:183
Stack trace:
#0 C:\xampp\htdocs\yiiblog\framework\web\auth\CAccessControlFilter.php(145): CAccessControlFilter->accessDenied(Object(CWebUser), 'You are not aut...')
#1 C:\xampp\htdocs\yiiblog\framework\web\filters\CFilter.php(38): CAccessControlFilter->preFilter(Object(CFilterChain))
#2 C:\xampp\htdocs\yiiblog\framework\web\CController.php(1148): CFilter->filter(Object(CFilterChain))
#3 C:\xampp\htdocs\yiiblog\framework\web\filters\CInlineFilter.php(58): CController->filterAccessControl(Object(CFilterChain))
#4 C:\xampp\htdocs\yiiblog\framework\web\filters\CFilterChain.php(131): CInlineFilter->filter(Object(CFilterChain))
#5 C:\xampp\htdocs\yiiblog\framework\web\CController.php(291): CFilterChain->run()
#6 C:\xampp\htdocs\yiiblog\framework\web\CController.php(265): CController->runActionWithFilters(Object(CInlineAction), Array)
#7 C:\xampp\htdocs\yiiblog\framework\web\CWebApplication.php(282): CController->run('admin')
#8 C:\xampp\htdocs\yiiblog\framework\web\CWebApplication.php(141): CWebApplication->runController('post/admin')
#9 C:\xampp\htdocs\yiiblog\framework\base\CApplication.php(185): CWebApplication->processRequest()
#10 C:\xampp\htdocs\yiiblog\index.php(13): CApplication->run()
#11 {main}
REQUEST_URI=/yiiblog/index.php/post/admin
HTTP_REFERER=http://localhost/yiiblog/index.php/site/login
---
2025/02/19 16:51:47 [error] [exception.CHttpException.403] CHttpException: You are not authorized to perform this action. in C:\xampp\htdocs\yiiblog\framework\web\auth\CAccessControlFilter.php:183
Stack trace:
#0 C:\xampp\htdocs\yiiblog\framework\web\auth\CAccessControlFilter.php(145): CAccessControlFilter->accessDenied(Object(CWebUser), 'You are not aut...')
#1 C:\xampp\htdocs\yiiblog\framework\web\filters\CFilter.php(38): CAccessControlFilter->preFilter(Object(CFilterChain))
#2 C:\xampp\htdocs\yiiblog\framework\web\CController.php(1148): CFilter->filter(Object(CFilterChain))
#3 C:\xampp\htdocs\yiiblog\framework\web\filters\CInlineFilter.php(58): CController->filterAccessControl(Object(CFilterChain))
#4 C:\xampp\htdocs\yiiblog\framework\web\filters\CFilterChain.php(131): CInlineFilter->filter(Object(CFilterChain))
#5 C:\xampp\htdocs\yiiblog\framework\web\CController.php(291): CFilterChain->run()
#6 C:\xampp\htdocs\yiiblog\framework\web\CController.php(265): CController->runActionWithFilters(Object(CInlineAction), Array)
#7 C:\xampp\htdocs\yiiblog\framework\web\CWebApplication.php(282): CController->run('admin')
#8 C:\xampp\htdocs\yiiblog\framework\web\CWebApplication.php(141): CWebApplication->runController('post/admin')
#9 C:\xampp\htdocs\yiiblog\framework\base\CApplication.php(185): CWebApplication->processRequest()
#10 C:\xampp\htdocs\yiiblog\index.php(13): CApplication->run()
#11 {main}
REQUEST_URI=/yiiblog/index.php/post/admin
HTTP_REFERER=http://localhost/yiiblog/index.php/post/create
---
2025/02/20 12:08:42 [error] [exception.CHttpException.403] CHttpException: You are not authorized to perform this action. in C:\xampp\htdocs\yiiblog\framework\web\auth\CAccessControlFilter.php:183
Stack trace:
#0 C:\xampp\htdocs\yiiblog\framework\web\auth\CAccessControlFilter.php(145): CAccessControlFilter->accessDenied(Object(CWebUser), 'You are not aut...')
#1 C:\xampp\htdocs\yiiblog\framework\web\filters\CFilter.php(38): CAccessControlFilter->preFilter(Object(CFilterChain))
#2 C:\xampp\htdocs\yiiblog\framework\web\CController.php(1148): CFilter->filter(Object(CFilterChain))
#3 C:\xampp\htdocs\yiiblog\framework\web\filters\CInlineFilter.php(58): CController->filterAccessControl(Object(CFilterChain))
#4 C:\xampp\htdocs\yiiblog\framework\web\filters\CFilterChain.php(131): CInlineFilter->filter(Object(CFilterChain))
#5 C:\xampp\htdocs\yiiblog\framework\web\CController.php(291): CFilterChain->run()
#6 C:\xampp\htdocs\yiiblog\framework\web\CController.php(265): CController->runActionWithFilters(Object(CInlineAction), Array)
#7 C:\xampp\htdocs\yiiblog\framework\web\CWebApplication.php(282): CController->run('admin')
#8 C:\xampp\htdocs\yiiblog\framework\web\CWebApplication.php(141): CWebApplication->runController('post/admin')
#9 C:\xampp\htdocs\yiiblog\framework\base\CApplication.php(185): CWebApplication->processRequest()
#10 C:\xampp\htdocs\yiiblog\index.php(13): CApplication->run()
#11 {main}
REQUEST_URI=/index.php/post/admin
HTTP_REFERER=http://localhost:8000/index.php/post
---
2025/02/20 12:09:53 [error] [exception.CHttpException.404] CHttpException: The system is unable to find the requested action "admin]". in C:\xampp\htdocs\yiiblog\framework\web\CController.php:486
Stack trace:
#0 C:\xampp\htdocs\yiiblog\framework\web\CController.php(270): CController->missingAction('admin]')
#1 C:\xampp\htdocs\yiiblog\framework\web\CWebApplication.php(282): CController->run('admin]')
#2 C:\xampp\htdocs\yiiblog\framework\web\CWebApplication.php(141): CWebApplication->runController('comment/admin]')
#3 C:\xampp\htdocs\yiiblog\framework\base\CApplication.php(185): CWebApplication->processRequest()
#4 C:\xampp\htdocs\yiiblog\index.php(13): CApplication->run()
#5 {main}
REQUEST_URI=/index.php/comment/admin]
---
2025/02/20 12:09:56 [error] [exception.CHttpException.403] CHttpException: You are not authorized to perform this action. in C:\xampp\htdocs\yiiblog\framework\web\auth\CAccessControlFilter.php:183
Stack trace:
#0 C:\xampp\htdocs\yiiblog\framework\web\auth\CAccessControlFilter.php(145): CAccessControlFilter->accessDenied(Object(CWebUser), 'You are not aut...')
#1 C:\xampp\htdocs\yiiblog\framework\web\filters\CFilter.php(38): CAccessControlFilter->preFilter(Object(CFilterChain))
#2 C:\xampp\htdocs\yiiblog\framework\web\CController.php(1148): CFilter->filter(Object(CFilterChain))
#3 C:\xampp\htdocs\yiiblog\framework\web\filters\CInlineFilter.php(58): CController->filterAccessControl(Object(CFilterChain))
#4 C:\xampp\htdocs\yiiblog\framework\web\filters\CFilterChain.php(131): CInlineFilter->filter(Object(CFilterChain))
#5 C:\xampp\htdocs\yiiblog\framework\web\CController.php(291): CFilterChain->run()
#6 C:\xampp\htdocs\yiiblog\framework\web\CController.php(265): CController->runActionWithFilters(Object(CInlineAction), Array)
#7 C:\xampp\htdocs\yiiblog\framework\web\CWebApplication.php(282): CController->run('admin')
#8 C:\xampp\htdocs\yiiblog\framework\web\CWebApplication.php(141): CWebApplication->runController('comment/admin')
#9 C:\xampp\htdocs\yiiblog\framework\base\CApplication.php(185): CWebApplication->processRequest()
#10 C:\xampp\htdocs\yiiblog\index.php(13): CApplication->run()
#11 {main}
REQUEST_URI=/index.php/comment/admin
---
2025/02/20 12:11:14 [error] [exception.CHttpException.403] CHttpException: You are not authorized to perform this action. in C:\xampp\htdocs\yiiblog\framework\web\auth\CAccessControlFilter.php:183
Stack trace:
#0 C:\xampp\htdocs\yiiblog\framework\web\auth\CAccessControlFilter.php(145): CAccessControlFilter->accessDenied(Object(CWebUser), 'You are not aut...')
#1 C:\xampp\htdocs\yiiblog\framework\web\filters\CFilter.php(38): CAccessControlFilter->preFilter(Object(CFilterChain))
#2 C:\xampp\htdocs\yiiblog\framework\web\CController.php(1148): CFilter->filter(Object(CFilterChain))
#3 C:\xampp\htdocs\yiiblog\framework\web\filters\CInlineFilter.php(58): CController->filterAccessControl(Object(CFilterChain))
#4 C:\xampp\htdocs\yiiblog\framework\web\filters\CFilterChain.php(131): CInlineFilter->filter(Object(CFilterChain))
#5 C:\xampp\htdocs\yiiblog\framework\web\CController.php(291): CFilterChain->run()
#6 C:\xampp\htdocs\yiiblog\framework\web\CController.php(265): CController->runActionWithFilters(Object(CInlineAction), Array)
#7 C:\xampp\htdocs\yiiblog\framework\web\CWebApplication.php(282): CController->run('admin')
#8 C:\xampp\htdocs\yiiblog\framework\web\CWebApplication.php(141): CWebApplication->runController('comment/admin')
#9 C:\xampp\htdocs\yiiblog\framework\base\CApplication.php(185): CWebApplication->processRequest()
#10 C:\xampp\htdocs\yiiblog\index.php(13): CApplication->run()
#11 {main}
REQUEST_URI=/index.php/comment/admin
HTTP_REFERER=http://localhost:8000/index.php/comment/index
---
2025/03/14 14:42:45 [warning] [application] Failed to set unsafe attribute "create_time" of "Post".
in C:\xampp\htdocs\yiiblog\protected\controllers\PostController.php (72)
in C:\xampp\htdocs\yiiblog\index.php (13)
2025/03/14 14:42:45 [warning] [application] Failed to set unsafe attribute "update_time" of "Post".
in C:\xampp\htdocs\yiiblog\protected\controllers\PostController.php (72)
in C:\xampp\htdocs\yiiblog\index.php (13)
2025/03/14 14:42:45 [warning] [application] Failed to set unsafe attribute "author_id" of "Post".
in C:\xampp\htdocs\yiiblog\protected\controllers\PostController.php (72)
in C:\xampp\htdocs\yiiblog\index.php (13)
2025/03/14 15:02:17 [error] [exception.CException] CException: Property "Post._oldTags" is not defined. in C:\xampp\htdocs\yiiblog\framework\base\CComponent.php:130
Stack trace:
#0 C:\xampp\htdocs\yiiblog\framework\db\ar\CActiveRecord.php(145): CComponent->__get('_oldTags')
#1 C:\xampp\htdocs\yiiblog\protected\models\Post.php(161): CActiveRecord->__get('_oldTags')
#2 C:\xampp\htdocs\yiiblog\framework\db\ar\CActiveRecord.php(1103): Post->afterSave()
#3 C:\xampp\htdocs\yiiblog\framework\db\ar\CActiveRecord.php(811): CActiveRecord->insert(NULL)
#4 C:\xampp\htdocs\yiiblog\protected\controllers\PostController.php(68): CActiveRecord->save()
#5 C:\xampp\htdocs\yiiblog\framework\web\actions\CInlineAction.php(49): PostController->actionCreate()
#6 C:\xampp\htdocs\yiiblog\framework\web\CController.php(308): CInlineAction->runWithParams(Array)
#7 C:\xampp\htdocs\yiiblog\framework\web\filters\CFilterChain.php(134): CController->runAction(Object(CInlineAction))
#8 C:\xampp\htdocs\yiiblog\framework\web\filters\CFilter.php(40): CFilterChain->run()
#9 C:\xampp\htdocs\yiiblog\framework\web\CController.php(1148): CFilter->filter(Object(CFilterChain))
#10 C:\xampp\htdocs\yiiblog\framework\web\filters\CInlineFilter.php(58): CController->filterAccessControl(Object(CFilterChain))
#11 C:\xampp\htdocs\yiiblog\framework\web\filters\CFilterChain.php(131): CInlineFilter->filter(Object(CFilterChain))
#12 C:\xampp\htdocs\yiiblog\framework\web\CController.php(291): CFilterChain->run()
#13 C:\xampp\htdocs\yiiblog\framework\web\CController.php(265): CController->runActionWithFilters(Object(CInlineAction), Array)
#14 C:\xampp\htdocs\yiiblog\framework\web\CWebApplication.php(282): CController->run('create')
#15 C:\xampp\htdocs\yiiblog\framework\web\CWebApplication.php(141): CWebApplication->runController('post/create')
#16 C:\xampp\htdocs\yiiblog\framework\base\CApplication.php(185): CWebApplication->processRequest()
#17 C:\xampp\htdocs\yiiblog\index.php(13): CApplication->run()
#18 {main}
REQUEST_URI=/yiiblog/index.php/post/create
HTTP_REFERER=http://localhost/yiiblog/index.php/post/create
---
2025/03/14 15:03:04 [error] [exception.CException] CException: Property "Post._oldTags" is not defined. in C:\xampp\htdocs\yiiblog\framework\base\CComponent.php:130
Stack trace:
#0 C:\xampp\htdocs\yiiblog\framework\db\ar\CActiveRecord.php(145): CComponent->__get('_oldTags')
#1 C:\xampp\htdocs\yiiblog\protected\models\Post.php(161): CActiveRecord->__get('_oldTags')
#2 C:\xampp\htdocs\yiiblog\framework\db\ar\CActiveRecord.php(1103): Post->afterSave()
#3 C:\xampp\htdocs\yiiblog\framework\db\ar\CActiveRecord.php(811): CActiveRecord->insert(NULL)
#4 C:\xampp\htdocs\yiiblog\protected\controllers\PostController.php(68): CActiveRecord->save()
#5 C:\xampp\htdocs\yiiblog\framework\web\actions\CInlineAction.php(49): PostController->actionCreate()
#6 C:\xampp\htdocs\yiiblog\framework\web\CController.php(308): CInlineAction->runWithParams(Array)
#7 C:\xampp\htdocs\yiiblog\framework\web\filters\CFilterChain.php(134): CController->runAction(Object(CInlineAction))
#8 C:\xampp\htdocs\yiiblog\framework\web\filters\CFilter.php(40): CFilterChain->run()
#9 C:\xampp\htdocs\yiiblog\framework\web\CController.php(1148): CFilter->filter(Object(CFilterChain))
#10 C:\xampp\htdocs\yiiblog\framework\web\filters\CInlineFilter.php(58): CController->filterAccessControl(Object(CFilterChain))
#11 C:\xampp\htdocs\yiiblog\framework\web\filters\CFilterChain.php(131): CInlineFilter->filter(Object(CFilterChain))
#12 C:\xampp\htdocs\yiiblog\framework\web\CController.php(291): CFilterChain->run()
#13 C:\xampp\htdocs\yiiblog\framework\web\CController.php(265): CController->runActionWithFilters(Object(CInlineAction), Array)
#14 C:\xampp\htdocs\yiiblog\framework\web\CWebApplication.php(282): CController->run('create')
#15 C:\xampp\htdocs\yiiblog\framework\web\CWebApplication.php(141): CWebApplication->runController('post/create')
#16 C:\xampp\htdocs\yiiblog\framework\base\CApplication.php(185): CWebApplication->processRequest()
#17 C:\xampp\htdocs\yiiblog\index.php(13): CApplication->run()
#18 {main}
REQUEST_URI=/yiiblog/index.php/post/create
HTTP_REFERER=http://localhost/yiiblog/index.php/post/create
---
2025/03/14 15:23:00 [error] [exception.CHttpException.404] CHttpException: The system is unable to find the requested action "post". in C:\xampp\htdocs\yiiblog\framework\web\CController.php:486
Stack trace:
#0 C:\xampp\htdocs\yiiblog\framework\web\CController.php(270): CController->missingAction('post')
#1 C:\xampp\htdocs\yiiblog\framework\web\CWebApplication.php(282): CController->run('post')
#2 C:\xampp\htdocs\yiiblog\framework\web\CWebApplication.php(141): CWebApplication->runController('site/post')
#3 C:\xampp\htdocs\yiiblog\framework\base\CApplication.php(185): CWebApplication->processRequest()
#4 C:\xampp\htdocs\yiiblog\index.php(13): CApplication->run()
#5 {main}
REQUEST_URI=/yiiblog/index.php/site/post
---
2025/03/14 15:49:32 [error] [exception.CHttpException.404] CHttpException: The requested page does not exist. in C:\xampp\htdocs\yiiblog\protected\controllers\PostController.php:182
Stack trace:
#0 C:\xampp\htdocs\yiiblog\protected\controllers\PostController.php(50): PostController->loadModel('7')
#1 [internal function]: PostController->actionView('7')
#2 C:\xampp\htdocs\yiiblog\framework\web\actions\CAction.php(114): ReflectionMethod->invokeArgs(Object(PostController), Array)
#3 C:\xampp\htdocs\yiiblog\framework\web\actions\CInlineAction.php(47): CAction->runWithParamsInternal(Object(PostController), Object(ReflectionMethod), Array)
#4 C:\xampp\htdocs\yiiblog\framework\web\CController.php(308): CInlineAction->runWithParams(Array)
#5 C:\xampp\htdocs\yiiblog\framework\web\filters\CFilterChain.php(134): CController->runAction(Object(CInlineAction))
#6 C:\xampp\htdocs\yiiblog\framework\web\filters\CFilter.php(40): CFilterChain->run()
#7 C:\xampp\htdocs\yiiblog\framework\web\CController.php(1148): CFilter->filter(Object(CFilterChain))
#8 C:\xampp\htdocs\yiiblog\framework\web\filters\CInlineFilter.php(58): CController->filterAccessControl(Object(CFilterChain))
#9 C:\xampp\htdocs\yiiblog\framework\web\filters\CFilterChain.php(131): CInlineFilter->filter(Object(CFilterChain))
#10 C:\xampp\htdocs\yiiblog\framework\web\CController.php(291): CFilterChain->run()
#11 C:\xampp\htdocs\yiiblog\framework\web\CController.php(265): CController->runActionWithFilters(Object(CInlineAction), Array)
#12 C:\xampp\htdocs\yiiblog\framework\web\CWebApplication.php(282): CController->run('view')
#13 C:\xampp\htdocs\yiiblog\framework\web\CWebApplication.php(141): CWebApplication->runController('post/view')
#14 C:\xampp\htdocs\yiiblog\framework\base\CApplication.php(185): CWebApplication->processRequest()
#15 C:\xampp\htdocs\yiiblog\index.php(13): CApplication->run()
#16 {main}
REQUEST_URI=/yiiblog/index.php/post/7?title=This+is+a+draft+1
---
2025/03/14 17:36:42 [error] [exception.CHttpException.404] CHttpException: Unable to resolve the request "admin". in C:\xampp\htdocs\pdc04\yiiblog\framework\web\CWebApplication.php:286
Stack trace:
#0 C:\xampp\htdocs\pdc04\yiiblog\framework\web\CWebApplication.php(141): CWebApplication->runController('admin')
#1 C:\xampp\htdocs\pdc04\yiiblog\framework\base\CApplication.php(185): CWebApplication->processRequest()
#2 C:\xampp\htdocs\pdc04\yiiblog\index.php(13): CApplication->run()
#3 {main}
REQUEST_URI=/pdc04/yiiblog/index.php/admin
---
2025/03/14 17:36:54 [warning] [application] Failed to set unsafe attribute "status" of "Comment".
in C:\xampp\htdocs\pdc04\yiiblog\protected\controllers\CommentController.php (72)
in C:\xampp\htdocs\pdc04\yiiblog\index.php (13)
2025/03/14 17:36:54 [warning] [application] Failed to set unsafe attribute "create_time" of "Comment".
in C:\xampp\htdocs\pdc04\yiiblog\protected\controllers\CommentController.php (72)
in C:\xampp\htdocs\pdc04\yiiblog\index.php (13)
2025/03/14 17:37:01 [warning] [application] Failed to set unsafe attribute "status" of "Comment".
in C:\xampp\htdocs\pdc04\yiiblog\protected\controllers\CommentController.php (72)
in C:\xampp\htdocs\pdc04\yiiblog\index.php (13)
2025/03/14 17:37:01 [warning] [application] Failed to set unsafe attribute "create_time" of "Comment".
in C:\xampp\htdocs\pdc04\yiiblog\protected\controllers\CommentController.php (72)
in C:\xampp\htdocs\pdc04\yiiblog\index.php (13)
2025/03/14 17:37:09 [warning] [application] Failed to set unsafe attribute "status" of "Comment".
in C:\xampp\htdocs\pdc04\yiiblog\protected\controllers\CommentController.php (72)
in C:\xampp\htdocs\pdc04\yiiblog\index.php (13)
2025/03/14 17:37:09 [warning] [application] Failed to set unsafe attribute "create_time" of "Comment".
in C:\xampp\htdocs\pdc04\yiiblog\protected\controllers\CommentController.php (72)
in C:\xampp\htdocs\pdc04\yiiblog\index.php (13)
2025/03/14 17:37:31 [warning] [application] Failed to set unsafe attribute "status" of "Comment".
in C:\xampp\htdocs\pdc04\yiiblog\protected\controllers\CommentController.php (96)
in C:\xampp\htdocs\pdc04\yiiblog\index.php (13)
2025/03/14 17:37:31 [warning] [application] Failed to set unsafe attribute "create_time" of "Comment".
in C:\xampp\htdocs\pdc04\yiiblog\protected\controllers\CommentController.php (96)
in C:\xampp\htdocs\pdc04\yiiblog\index.php (13)
2025/03/14 17:37:33 [error] [exception.CHttpException.403] CHttpException: You are not authorized to perform this action. in C:\xampp\htdocs\pdc04\yiiblog\framework\web\auth\CAccessControlFilter.php:183
Stack trace:
#0 C:\xampp\htdocs\pdc04\yiiblog\framework\web\auth\CAccessControlFilter.php(145): CAccessControlFilter->accessDenied(Object(CWebUser), 'You are not aut...')
#1 C:\xampp\htdocs\pdc04\yiiblog\framework\web\filters\CFilter.php(38): CAccessControlFilter->preFilter(Object(CFilterChain))
#2 C:\xampp\htdocs\pdc04\yiiblog\framework\web\CController.php(1148): CFilter->filter(Object(CFilterChain))
#3 C:\xampp\htdocs\pdc04\yiiblog\framework\web\filters\CInlineFilter.php(58): CController->filterAccessControl(Object(CFilterChain))
#4 C:\xampp\htdocs\pdc04\yiiblog\framework\web\filters\CFilterChain.php(131): CInlineFilter->filter(Object(CFilterChain))
#5 C:\xampp\htdocs\pdc04\yiiblog\framework\web\CController.php(291): CFilterChain->run()
#6 C:\xampp\htdocs\pdc04\yiiblog\framework\web\CController.php(265): CController->runActionWithFilters(Object(CInlineAction), Array)
#7 C:\xampp\htdocs\pdc04\yiiblog\framework\web\CWebApplication.php(282): CController->run('admin')
#8 C:\xampp\htdocs\pdc04\yiiblog\framework\web\CWebApplication.php(141): CWebApplication->runController('comment/admin')
#9 C:\xampp\htdocs\pdc04\yiiblog\framework\base\CApplication.php(185): CWebApplication->processRequest()
#10 C:\xampp\htdocs\pdc04\yiiblog\index.php(13): CApplication->run()
#11 {main}
REQUEST_URI=/pdc04/yiiblog/index.php/comment/admin
HTTP_REFERER=http://localhost/pdc04/yiiblog/index.php/comment/13
---
2025/03/14 17:38:19 [error] [exception.CHttpException.403] CHttpException: You are not authorized to perform this action. in C:\xampp\htdocs\pdc04\yiiblog\framework\web\auth\CAccessControlFilter.php:183
Stack trace:
#0 C:\xampp\htdocs\pdc04\yiiblog\framework\web\auth\CAccessControlFilter.php(145): CAccessControlFilter->accessDenied(Object(CWebUser), 'You are not aut...')
#1 C:\xampp\htdocs\pdc04\yiiblog\framework\web\filters\CFilter.php(38): CAccessControlFilter->preFilter(Object(CFilterChain))
#2 C:\xampp\htdocs\pdc04\yiiblog\framework\web\CController.php(1148): CFilter->filter(Object(CFilterChain))
#3 C:\xampp\htdocs\pdc04\yiiblog\framework\web\filters\CInlineFilter.php(58): CController->filterAccessControl(Object(CFilterChain))
#4 C:\xampp\htdocs\pdc04\yiiblog\framework\web\filters\CFilterChain.php(131): CInlineFilter->filter(Object(CFilterChain))
#5 C:\xampp\htdocs\pdc04\yiiblog\framework\web\CController.php(291): CFilterChain->run()
#6 C:\xampp\htdocs\pdc04\yiiblog\framework\web\CController.php(265): CController->runActionWithFilters(Object(CInlineAction), Array)
#7 C:\xampp\htdocs\pdc04\yiiblog\framework\web\CWebApplication.php(282): CController->run('admin')
#8 C:\xampp\htdocs\pdc04\yiiblog\framework\web\CWebApplication.php(141): CWebApplication->runController('comment/admin')
#9 C:\xampp\htdocs\pdc04\yiiblog\framework\base\CApplication.php(185): CWebApplication->processRequest()
#10 C:\xampp\htdocs\pdc04\yiiblog\index.php(13): CApplication->run()
#11 {main}
REQUEST_URI=/pdc04/yiiblog/index.php/comment/admin
HTTP_REFERER=http://localhost/pdc04/yiiblog/index.php/comment/13
---
2025/03/14 17:38:33 [error] [exception.CHttpException.403] CHttpException: You are not authorized to perform this action. in C:\xampp\htdocs\pdc04\yiiblog\framework\web\auth\CAccessControlFilter.php:183
Stack trace:
#0 C:\xampp\htdocs\pdc04\yiiblog\framework\web\auth\CAccessControlFilter.php(145): CAccessControlFilter->accessDenied(Object(CWebUser), 'You are not aut...')
#1 C:\xampp\htdocs\pdc04\yiiblog\framework\web\filters\CFilter.php(38): CAccessControlFilter->preFilter(Object(CFilterChain))
#2 C:\xampp\htdocs\pdc04\yiiblog\framework\web\CController.php(1148): CFilter->filter(Object(CFilterChain))
#3 C:\xampp\htdocs\pdc04\yiiblog\framework\web\filters\CInlineFilter.php(58): CController->filterAccessControl(Object(CFilterChain))
#4 C:\xampp\htdocs\pdc04\yiiblog\framework\web\filters\CFilterChain.php(131): CInlineFilter->filter(Object(CFilterChain))
#5 C:\xampp\htdocs\pdc04\yiiblog\framework\web\CController.php(291): CFilterChain->run()
#6 C:\xampp\htdocs\pdc04\yiiblog\framework\web\CController.php(265): CController->runActionWithFilters(Object(CInlineAction), Array)
#7 C:\xampp\htdocs\pdc04\yiiblog\framework\web\CWebApplication.php(282): CController->run('admin')
#8 C:\xampp\htdocs\pdc04\yiiblog\framework\web\CWebApplication.php(141): CWebApplication->runController('comment/admin')
#9 C:\xampp\htdocs\pdc04\yiiblog\framework\base\CApplication.php(185): CWebApplication->processRequest()
#10 C:\xampp\htdocs\pdc04\yiiblog\index.php(13): CApplication->run()
#11 {main}
REQUEST_URI=/pdc04/yiiblog/index.php/comment/admin
HTTP_REFERER=http://localhost/pdc04/yiiblog/index.php/comment/13
---
2025/03/14 17:38:33 [error] [exception.CHttpException.403] CHttpException: You are not authorized to perform this action. in C:\xampp\htdocs\pdc04\yiiblog\framework\web\auth\CAccessControlFilter.php:183
Stack trace:
#0 C:\xampp\htdocs\pdc04\yiiblog\framework\web\auth\CAccessControlFilter.php(145): CAccessControlFilter->accessDenied(Object(CWebUser), 'You are not aut...')
#1 C:\xampp\htdocs\pdc04\yiiblog\framework\web\filters\CFilter.php(38): CAccessControlFilter->preFilter(Object(CFilterChain))
#2 C:\xampp\htdocs\pdc04\yiiblog\framework\web\CController.php(1148): CFilter->filter(Object(CFilterChain))
#3 C:\xampp\htdocs\pdc04\yiiblog\framework\web\filters\CInlineFilter.php(58): CController->filterAccessControl(Object(CFilterChain))
#4 C:\xampp\htdocs\pdc04\yiiblog\framework\web\filters\CFilterChain.php(131): CInlineFilter->filter(Object(CFilterChain))
#5 C:\xampp\htdocs\pdc04\yiiblog\framework\web\CController.php(291): CFilterChain->run()
#6 C:\xampp\htdocs\pdc04\yiiblog\framework\web\CController.php(265): CController->runActionWithFilters(Object(CInlineAction), Array)
#7 C:\xampp\htdocs\pdc04\yiiblog\framework\web\CWebApplication.php(282): CController->run('admin')
#8 C:\xampp\htdocs\pdc04\yiiblog\framework\web\CWebApplication.php(141): CWebApplication->runController('comment/admin')
#9 C:\xampp\htdocs\pdc04\yiiblog\framework\base\CApplication.php(185): CWebApplication->processRequest()
#10 C:\xampp\htdocs\pdc04\yiiblog\index.php(13): CApplication->run()
#11 {main}
REQUEST_URI=/pdc04/yiiblog/index.php/comment/admin
HTTP_REFERER=http://localhost/pdc04/yiiblog/index.php/comment/13
---
2025/03/14 17:38:35 [error] [exception.CHttpException.403] CHttpException: You are not authorized to perform this action. in C:\xampp\htdocs\pdc04\yiiblog\framework\web\auth\CAccessControlFilter.php:183
Stack trace:
#0 C:\xampp\htdocs\pdc04\yiiblog\framework\web\auth\CAccessControlFilter.php(145): CAccessControlFilter->accessDenied(Object(CWebUser), 'You are not aut...')
#1 C:\xampp\htdocs\pdc04\yiiblog\framework\web\filters\CFilter.php(38): CAccessControlFilter->preFilter(Object(CFilterChain))
#2 C:\xampp\htdocs\pdc04\yiiblog\framework\web\CController.php(1148): CFilter->filter(Object(CFilterChain))
#3 C:\xampp\htdocs\pdc04\yiiblog\framework\web\filters\CInlineFilter.php(58): CController->filterAccessControl(Object(CFilterChain))
#4 C:\xampp\htdocs\pdc04\yiiblog\framework\web\filters\CFilterChain.php(131): CInlineFilter->filter(Object(CFilterChain))
#5 C:\xampp\htdocs\pdc04\yiiblog\framework\web\CController.php(291): CFilterChain->run()
#6 C:\xampp\htdocs\pdc04\yiiblog\framework\web\CController.php(265): CController->runActionWithFilters(Object(CInlineAction), Array)
#7 C:\xampp\htdocs\pdc04\yiiblog\framework\web\CWebApplication.php(282): CController->run('admin')
#8 C:\xampp\htdocs\pdc04\yiiblog\framework\web\CWebApplication.php(141): CWebApplication->runController('comment/admin')
#9 C:\xampp\htdocs\pdc04\yiiblog\framework\base\CApplication.php(185): CWebApplication->processRequest()
#10 C:\xampp\htdocs\pdc04\yiiblog\index.php(13): CApplication->run()
#11 {main}
REQUEST_URI=/pdc04/yiiblog/index.php/comment/admin
HTTP_REFERER=http://localhost/pdc04/yiiblog/index.php/comment/13
---
2025/03/14 17:38:40 [error] [exception.CHttpException.403] CHttpException: You are not authorized to perform this action. in C:\xampp\htdocs\pdc04\yiiblog\framework\web\auth\CAccessControlFilter.php:183
Stack trace:
#0 C:\xampp\htdocs\pdc04\yiiblog\framework\web\auth\CAccessControlFilter.php(145): CAccessControlFilter->accessDenied(Object(CWebUser), 'You are not aut...')
#1 C:\xampp\htdocs\pdc04\yiiblog\framework\web\filters\CFilter.php(38): CAccessControlFilter->preFilter(Object(CFilterChain))
#2 C:\xampp\htdocs\pdc04\yiiblog\framework\web\CController.php(1148): CFilter->filter(Object(CFilterChain))
#3 C:\xampp\htdocs\pdc04\yiiblog\framework\web\filters\CInlineFilter.php(58): CController->filterAccessControl(Object(CFilterChain))
#4 C:\xampp\htdocs\pdc04\yiiblog\framework\web\filters\CFilterChain.php(131): CInlineFilter->filter(Object(CFilterChain))
#5 C:\xampp\htdocs\pdc04\yiiblog\framework\web\CController.php(291): CFilterChain->run()
#6 C:\xampp\htdocs\pdc04\yiiblog\framework\web\CController.php(265): CController->runActionWithFilters(Object(CInlineAction), Array)
#7 C:\xampp\htdocs\pdc04\yiiblog\framework\web\CWebApplication.php(282): CController->run('admin')
#8 C:\xampp\htdocs\pdc04\yiiblog\framework\web\CWebApplication.php(141): CWebApplication->runController('comment/admin')
#9 C:\xampp\htdocs\pdc04\yiiblog\framework\base\CApplication.php(185): CWebApplication->processRequest()
#10 C:\xampp\htdocs\pdc04\yiiblog\index.php(13): CApplication->run()
#11 {main}
REQUEST_URI=/pdc04/yiiblog/index.php/comment/admin
HTTP_REFERER=http://localhost/pdc04/yiiblog/index.php/comment/index
---
2025/03/14 17:38:58 [error] [exception.CHttpException.403] CHttpException: You are not authorized to perform this action. in C:\xampp\htdocs\pdc04\yiiblog\framework\web\auth\CAccessControlFilter.php:183
Stack trace:
#0 C:\xampp\htdocs\pdc04\yiiblog\framework\web\auth\CAccessControlFilter.php(145): CAccessControlFilter->accessDenied(Object(CWebUser), 'You are not aut...')
#1 C:\xampp\htdocs\pdc04\yiiblog\framework\web\filters\CFilter.php(38): CAccessControlFilter->preFilter(Object(CFilterChain))
#2 C:\xampp\htdocs\pdc04\yiiblog\framework\web\CController.php(1148): CFilter->filter(Object(CFilterChain))
#3 C:\xampp\htdocs\pdc04\yiiblog\framework\web\filters\CInlineFilter.php(58): CController->filterAccessControl(Object(CFilterChain))
#4 C:\xampp\htdocs\pdc04\yiiblog\framework\web\filters\CFilterChain.php(131): CInlineFilter->filter(Object(CFilterChain))
#5 C:\xampp\htdocs\pdc04\yiiblog\framework\web\CController.php(291): CFilterChain->run()
#6 C:\xampp\htdocs\pdc04\yiiblog\framework\web\CController.php(265): CController->runActionWithFilters(Object(CInlineAction), Array)
#7 C:\xampp\htdocs\pdc04\yiiblog\framework\web\CWebApplication.php(282): CController->run('admin')
#8 C:\xampp\htdocs\pdc04\yiiblog\framework\web\CWebApplication.php(141): CWebApplication->runController('comment/admin')
#9 C:\xampp\htdocs\pdc04\yiiblog\framework\base\CApplication.php(185): CWebApplication->processRequest()
#10 C:\xampp\htdocs\pdc04\yiiblog\index.php(13): CApplication->run()
#11 {main}
REQUEST_URI=/pdc04/yiiblog/index.php/comment/admin
HTTP_REFERER=http://localhost/pdc04/yiiblog/index.php/comment/index
---
2025/03/14 17:38:59 [error] [exception.CHttpException.403] CHttpException: You are not authorized to perform this action. in C:\xampp\htdocs\pdc04\yiiblog\framework\web\auth\CAccessControlFilter.php:183
Stack trace:
#0 C:\xampp\htdocs\pdc04\yiiblog\framework\web\auth\CAccessControlFilter.php(145): CAccessControlFilter->accessDenied(Object(CWebUser), 'You are not aut...')
#1 C:\xampp\htdocs\pdc04\yiiblog\framework\web\filters\CFilter.php(38): CAccessControlFilter->preFilter(Object(CFilterChain))
#2 C:\xampp\htdocs\pdc04\yiiblog\framework\web\CController.php(1148): CFilter->filter(Object(CFilterChain))
#3 C:\xampp\htdocs\pdc04\yiiblog\framework\web\filters\CInlineFilter.php(58): CController->filterAccessControl(Object(CFilterChain))
#4 C:\xampp\htdocs\pdc04\yiiblog\framework\web\filters\CFilterChain.php(131): CInlineFilter->filter(Object(CFilterChain))
#5 C:\xampp\htdocs\pdc04\yiiblog\framework\web\CController.php(291): CFilterChain->run()
#6 C:\xampp\htdocs\pdc04\yiiblog\framework\web\CController.php(265): CController->runActionWithFilters(Object(CInlineAction), Array)
#7 C:\xampp\htdocs\pdc04\yiiblog\framework\web\CWebApplication.php(282): CController->run('admin')
#8 C:\xampp\htdocs\pdc04\yiiblog\framework\web\CWebApplication.php(141): CWebApplication->runController('comment/admin')
#9 C:\xampp\htdocs\pdc04\yiiblog\framework\base\CApplication.php(185): CWebApplication->processRequest()
#10 C:\xampp\htdocs\pdc04\yiiblog\index.php(13): CApplication->run()
#11 {main}
REQUEST_URI=/pdc04/yiiblog/index.php/comment/admin
HTTP_REFERER=http://localhost/pdc04/yiiblog/index.php/comment/index
---
2025/03/14 17:38:59 [error] [exception.CHttpException.403] CHttpException: You are not authorized to perform this action. in C:\xampp\htdocs\pdc04\yiiblog\framework\web\auth\CAccessControlFilter.php:183
Stack trace:
#0 C:\xampp\htdocs\pdc04\yiiblog\framework\web\auth\CAccessControlFilter.php(145): CAccessControlFilter->accessDenied(Object(CWebUser), 'You are not aut...')
#1 C:\xampp\htdocs\pdc04\yiiblog\framework\web\filters\CFilter.php(38): CAccessControlFilter->preFilter(Object(CFilterChain))
#2 C:\xampp\htdocs\pdc04\yiiblog\framework\web\CController.php(1148): CFilter->filter(Object(CFilterChain))
#3 C:\xampp\htdocs\pdc04\yiiblog\framework\web\filters\CInlineFilter.php(58): CController->filterAccessControl(Object(CFilterChain))
#4 C:\xampp\htdocs\pdc04\yiiblog\framework\web\filters\CFilterChain.php(131): CInlineFilter->filter(Object(CFilterChain))
#5 C:\xampp\htdocs\pdc04\yiiblog\framework\web\CController.php(291): CFilterChain->run()
#6 C:\xampp\htdocs\pdc04\yiiblog\framework\web\CController.php(265): CController->runActionWithFilters(Object(CInlineAction), Array)
#7 C:\xampp\htdocs\pdc04\yiiblog\framework\web\CWebApplication.php(282): CController->run('admin')
#8 C:\xampp\htdocs\pdc04\yiiblog\framework\web\CWebApplication.php(141): CWebApplication->runController('comment/admin')
#9 C:\xampp\htdocs\pdc04\yiiblog\framework\base\CApplication.php(185): CWebApplication->processRequest()
#10 C:\xampp\htdocs\pdc04\yiiblog\index.php(13): CApplication->run()
#11 {main}
REQUEST_URI=/pdc04/yiiblog/index.php/comment/admin
HTTP_REFERER=http://localhost/pdc04/yiiblog/index.php/comment/index
---
2025/03/14 17:39:05 [error] [exception.CHttpException.403] CHttpException: You are not authorized to perform this action. in C:\xampp\htdocs\pdc04\yiiblog\framework\web\auth\CAccessControlFilter.php:183
Stack trace:
#0 C:\xampp\htdocs\pdc04\yiiblog\framework\web\auth\CAccessControlFilter.php(145): CAccessControlFilter->accessDenied(Object(CWebUser), 'You are not aut...')
#1 C:\xampp\htdocs\pdc04\yiiblog\framework\web\filters\CFilter.php(38): CAccessControlFilter->preFilter(Object(CFilterChain))
#2 C:\xampp\htdocs\pdc04\yiiblog\framework\web\CController.php(1148): CFilter->filter(Object(CFilterChain))
#3 C:\xampp\htdocs\pdc04\yiiblog\framework\web\filters\CInlineFilter.php(58): CController->filterAccessControl(Object(CFilterChain))
#4 C:\xampp\htdocs\pdc04\yiiblog\framework\web\filters\CFilterChain.php(131): CInlineFilter->filter(Object(CFilterChain))
#5 C:\xampp\htdocs\pdc04\yiiblog\framework\web\CController.php(291): CFilterChain->run()
#6 C:\xampp\htdocs\pdc04\yiiblog\framework\web\CController.php(265): CController->runActionWithFilters(Object(CInlineAction), Array)
#7 C:\xampp\htdocs\pdc04\yiiblog\framework\web\CWebApplication.php(282): CController->run('admin')
#8 C:\xampp\htdocs\pdc04\yiiblog\framework\web\CWebApplication.php(141): CWebApplication->runController('comment/admin')
#9 C:\xampp\htdocs\pdc04\yiiblog\framework\base\CApplication.php(185): CWebApplication->processRequest()
#10 C:\xampp\htdocs\pdc04\yiiblog\index.php(13): CApplication->run()
#11 {main}
REQUEST_URI=/pdc04/yiiblog/index.php/comment/admin
HTTP_REFERER=http://localhost/pdc04/yiiblog/index.php/comment/index
---
2025/03/14 17:39:06 [error] [exception.CHttpException.403] CHttpException: You are not authorized to perform this action. in C:\xampp\htdocs\pdc04\yiiblog\framework\web\auth\CAccessControlFilter.php:183
Stack trace:
#0 C:\xampp\htdocs\pdc04\yiiblog\framework\web\auth\CAccessControlFilter.php(145): CAccessControlFilter->accessDenied(Object(CWebUser), 'You are not aut...')
#1 C:\xampp\htdocs\pdc04\yiiblog\framework\web\filters\CFilter.php(38): CAccessControlFilter->preFilter(Object(CFilterChain))
#2 C:\xampp\htdocs\pdc04\yiiblog\framework\web\CController.php(1148): CFilter->filter(Object(CFilterChain))
#3 C:\xampp\htdocs\pdc04\yiiblog\framework\web\filters\CInlineFilter.php(58): CController->filterAccessControl(Object(CFilterChain))
#4 C:\xampp\htdocs\pdc04\yiiblog\framework\web\filters\CFilterChain.php(131): CInlineFilter->filter(Object(CFilterChain))
#5 C:\xampp\htdocs\pdc04\yiiblog\framework\web\CController.php(291): CFilterChain->run()
#6 C:\xampp\htdocs\pdc04\yiiblog\framework\web\CController.php(265): CController->runActionWithFilters(Object(CInlineAction), Array)
#7 C:\xampp\htdocs\pdc04\yiiblog\framework\web\CWebApplication.php(282): CController->run('admin')
#8 C:\xampp\htdocs\pdc04\yiiblog\framework\web\CWebApplication.php(141): CWebApplication->runController('comment/admin')
#9 C:\xampp\htdocs\pdc04\yiiblog\framework\base\CApplication.php(185): CWebApplication->processRequest()
#10 C:\xampp\htdocs\pdc04\yiiblog\index.php(13): CApplication->run()
#11 {main}
REQUEST_URI=/pdc04/yiiblog/index.php/comment/admin
HTTP_REFERER=http://localhost/pdc04/yiiblog/index.php/comment/index
---
2025/03/14 17:39:06 [error] [exception.CHttpException.403] CHttpException: You are not authorized to perform this action. in C:\xampp\htdocs\pdc04\yiiblog\framework\web\auth\CAccessControlFilter.php:183
Stack trace:
#0 C:\xampp\htdocs\pdc04\yiiblog\framework\web\auth\CAccessControlFilter.php(145): CAccessControlFilter->accessDenied(Object(CWebUser), 'You are not aut...')
#1 C:\xampp\htdocs\pdc04\yiiblog\framework\web\filters\CFilter.php(38): CAccessControlFilter->preFilter(Object(CFilterChain))
#2 C:\xampp\htdocs\pdc04\yiiblog\framework\web\CController.php(1148): CFilter->filter(Object(CFilterChain))
#3 C:\xampp\htdocs\pdc04\yiiblog\framework\web\filters\CInlineFilter.php(58): CController->filterAccessControl(Object(CFilterChain))
#4 C:\xampp\htdocs\pdc04\yiiblog\framework\web\filters\CFilterChain.php(131): CInlineFilter->filter(Object(CFilterChain))
#5 C:\xampp\htdocs\pdc04\yiiblog\framework\web\CController.php(291): CFilterChain->run()
#6 C:\xampp\htdocs\pdc04\yiiblog\framework\web\CController.php(265): CController->runActionWithFilters(Object(CInlineAction), Array)
#7 C:\xampp\htdocs\pdc04\yiiblog\framework\web\CWebApplication.php(282): CController->run('admin')
#8 C:\xampp\htdocs\pdc04\yiiblog\framework\web\CWebApplication.php(141): CWebApplication->runController('comment/admin')
#9 C:\xampp\htdocs\pdc04\yiiblog\framework\base\CApplication.php(185): CWebApplication->processRequest()
#10 C:\xampp\htdocs\pdc04\yiiblog\index.php(13): CApplication->run()
#11 {main}
REQUEST_URI=/pdc04/yiiblog/index.php/comment/admin
HTTP_REFERER=http://localhost/pdc04/yiiblog/index.php/comment/index
---
2025/03/14 17:39:06 [error] [exception.CHttpException.403] CHttpException: You are not authorized to perform this action. in C:\xampp\htdocs\pdc04\yiiblog\framework\web\auth\CAccessControlFilter.php:183
Stack trace:
#0 C:\xampp\htdocs\pdc04\yiiblog\framework\web\auth\CAccessControlFilter.php(145): CAccessControlFilter->accessDenied(Object(CWebUser), 'You are not aut...')
#1 C:\xampp\htdocs\pdc04\yiiblog\framework\web\filters\CFilter.php(38): CAccessControlFilter->preFilter(Object(CFilterChain))
#2 C:\xampp\htdocs\pdc04\yiiblog\framework\web\CController.php(1148): CFilter->filter(Object(CFilterChain))
#3 C:\xampp\htdocs\pdc04\yiiblog\framework\web\filters\CInlineFilter.php(58): CController->filterAccessControl(Object(CFilterChain))
#4 C:\xampp\htdocs\pdc04\yiiblog\framework\web\filters\CFilterChain.php(131): CInlineFilter->filter(Object(CFilterChain))
#5 C:\xampp\htdocs\pdc04\yiiblog\framework\web\CController.php(291): CFilterChain->run()
#6 C:\xampp\htdocs\pdc04\yiiblog\framework\web\CController.php(265): CController->runActionWithFilters(Object(CInlineAction), Array)
#7 C:\xampp\htdocs\pdc04\yiiblog\framework\web\CWebApplication.php(282): CController->run('admin')
#8 C:\xampp\htdocs\pdc04\yiiblog\framework\web\CWebApplication.php(141): CWebApplication->runController('comment/admin')
#9 C:\xampp\htdocs\pdc04\yiiblog\framework\base\CApplication.php(185): CWebApplication->processRequest()
#10 C:\xampp\htdocs\pdc04\yiiblog\index.php(13): CApplication->run()
#11 {main}
REQUEST_URI=/pdc04/yiiblog/index.php/comment/admin
HTTP_REFERER=http://localhost/pdc04/yiiblog/index.php/comment/index
---
2025/03/14 17:42:22 [warning] [application] Failed to set unsafe attribute "status" of "Comment".
in C:\xampp\htdocs\pdc04\yiiblog\protected\controllers\CommentController.php (91)
in C:\xampp\htdocs\pdc04\yiiblog\index.php (13)
2025/03/14 17:42:22 [warning] [application] Failed to set unsafe attribute "create_time" of "Comment".
in C:\xampp\htdocs\pdc04\yiiblog\protected\controllers\CommentController.php (91)
in C:\xampp\htdocs\pdc04\yiiblog\index.php (13)
2025/03/14 17:56:36 [error] [php] Undefined variable $model (C:\xampp\htdocs\pdc04\yiiblog\protected\views\post\_view.php:44)
Stack trace:
#0 C:\xampp\htdocs\pdc04\yiiblog\framework\web\CBaseController.php(130): require()
#1 C:\xampp\htdocs\pdc04\yiiblog\framework\web\CBaseController.php(95): PostController->renderInternal()
#2 C:\xampp\htdocs\pdc04\yiiblog\framework\zii\widgets\CListView.php(291): PostController->renderFile()
#3 C:\xampp\htdocs\pdc04\yiiblog\framework\zii\widgets\CBaseListView.php(181): CListView->renderItems()
#4 unknown(0): CListView->renderSection()
#5 C:\xampp\htdocs\pdc04\yiiblog\framework\zii\widgets\CBaseListView.php(164): preg_replace_callback()
#6 C:\xampp\htdocs\pdc04\yiiblog\framework\zii\widgets\CBaseListView.php(149): CListView->renderContent()
#7 C:\xampp\htdocs\pdc04\yiiblog\framework\web\CBaseController.php(182): CListView->run()
#8 C:\xampp\htdocs\pdc04\yiiblog\protected\views\post\index.php(21): PostController->widget()
#9 C:\xampp\htdocs\pdc04\yiiblog\framework\web\CBaseController.php(126): require()
#10 C:\xampp\htdocs\pdc04\yiiblog\framework\web\CBaseController.php(95): PostController->renderInternal()
#11 C:\xampp\htdocs\pdc04\yiiblog\framework\web\CController.php(872): PostController->renderFile()
#12 C:\xampp\htdocs\pdc04\yiiblog\framework\web\CController.php(785): PostController->renderPartial()
#13 C:\xampp\htdocs\pdc04\yiiblog\protected\controllers\PostController.php(170): PostController->render()
#14 C:\xampp\htdocs\pdc04\yiiblog\framework\web\actions\CInlineAction.php(49): PostController->actionIndex()
#15 C:\xampp\htdocs\pdc04\yiiblog\framework\web\CController.php(308): CInlineAction->runWithParams()
#16 C:\xampp\htdocs\pdc04\yiiblog\framework\web\filters\CFilterChain.php(134): PostController->runAction()
#17 C:\xampp\htdocs\pdc04\yiiblog\framework\web\filters\CFilter.php(40): CFilterChain->run()
#18 C:\xampp\htdocs\pdc04\yiiblog\framework\web\CController.php(1148): CAccessControlFilter->filter()
#19 C:\xampp\htdocs\pdc04\yiiblog\framework\web\filters\CInlineFilter.php(58): PostController->filterAccessControl()
#20 C:\xampp\htdocs\pdc04\yiiblog\framework\web\filters\CFilterChain.php(131): CInlineFilter->filter()
#21 C:\xampp\htdocs\pdc04\yiiblog\framework\web\CController.php(291): CFilterChain->run()
#22 C:\xampp\htdocs\pdc04\yiiblog\framework\web\CController.php(265): PostController->runActionWithFilters()
#23 C:\xampp\htdocs\pdc04\yiiblog\framework\web\CWebApplication.php(282): PostController->run()
#24 C:\xampp\htdocs\pdc04\yiiblog\framework\web\CWebApplication.php(141): CWebApplication->runController()
#25 C:\xampp\htdocs\pdc04\yiiblog\framework\base\CApplication.php(185): CWebApplication->processRequest()
#26 C:\xampp\htdocs\pdc04\yiiblog\index.php(13): CWebApplication->run()
REQUEST_URI=/pdc04/yiiblog/index.php/post
in C:\xampp\htdocs\pdc04\yiiblog\protected\views\post\_view.php (44)
in C:\xampp\htdocs\pdc04\yiiblog\protected\views\post\index.php (21)
in C:\xampp\htdocs\pdc04\yiiblog\protected\controllers\PostController.php (170)
2025/03/14 17:59:50 [error] [php] Undefined variable $model (C:\xampp\htdocs\pdc04\yiiblog\protected\views\post\_view.php:44)
Stack trace:
#0 C:\xampp\htdocs\pdc04\yiiblog\framework\web\CBaseController.php(130): require()
#1 C:\xampp\htdocs\pdc04\yiiblog\framework\web\CBaseController.php(95): PostController->renderInternal()
#2 C:\xampp\htdocs\pdc04\yiiblog\framework\zii\widgets\CListView.php(291): PostController->renderFile()
#3 C:\xampp\htdocs\pdc04\yiiblog\framework\zii\widgets\CBaseListView.php(181): CListView->renderItems()
#4 unknown(0): CListView->renderSection()
#5 C:\xampp\htdocs\pdc04\yiiblog\framework\zii\widgets\CBaseListView.php(164): preg_replace_callback()
#6 C:\xampp\htdocs\pdc04\yiiblog\framework\zii\widgets\CBaseListView.php(149): CListView->renderContent()
#7 C:\xampp\htdocs\pdc04\yiiblog\framework\web\CBaseController.php(182): CListView->run()
#8 C:\xampp\htdocs\pdc04\yiiblog\protected\views\post\index.php(21): PostController->widget()
#9 C:\xampp\htdocs\pdc04\yiiblog\framework\web\CBaseController.php(126): require()
#10 C:\xampp\htdocs\pdc04\yiiblog\framework\web\CBaseController.php(95): PostController->renderInternal()
#11 C:\xampp\htdocs\pdc04\yiiblog\framework\web\CController.php(872): PostController->renderFile()
#12 C:\xampp\htdocs\pdc04\yiiblog\framework\web\CController.php(785): PostController->renderPartial()
#13 C:\xampp\htdocs\pdc04\yiiblog\protected\controllers\PostController.php(170): PostController->render()
#14 C:\xampp\htdocs\pdc04\yiiblog\framework\web\actions\CInlineAction.php(49): PostController->actionIndex()
#15 C:\xampp\htdocs\pdc04\yiiblog\framework\web\CController.php(308): CInlineAction->runWithParams()
#16 C:\xampp\htdocs\pdc04\yiiblog\framework\web\filters\CFilterChain.php(134): PostController->runAction()
#17 C:\xampp\htdocs\pdc04\yiiblog\framework\web\filters\CFilter.php(40): CFilterChain->run()
#18 C:\xampp\htdocs\pdc04\yiiblog\framework\web\CController.php(1148): CAccessControlFilter->filter()
#19 C:\xampp\htdocs\pdc04\yiiblog\framework\web\filters\CInlineFilter.php(58): PostController->filterAccessControl()
#20 C:\xampp\htdocs\pdc04\yiiblog\framework\web\filters\CFilterChain.php(131): CInlineFilter->filter()
#21 C:\xampp\htdocs\pdc04\yiiblog\framework\web\CController.php(291): CFilterChain->run()
#22 C:\xampp\htdocs\pdc04\yiiblog\framework\web\CController.php(265): PostController->runActionWithFilters()
#23 C:\xampp\htdocs\pdc04\yiiblog\framework\web\CWebApplication.php(282): PostController->run()
#24 C:\xampp\htdocs\pdc04\yiiblog\framework\web\CWebApplication.php(141): CWebApplication->runController()
#25 C:\xampp\htdocs\pdc04\yiiblog\framework\base\CApplication.php(185): CWebApplication->processRequest()
#26 C:\xampp\htdocs\pdc04\yiiblog\index.php(13): CWebApplication->run()
REQUEST_URI=/pdc04/yiiblog/index.php/post
in C:\xampp\htdocs\pdc04\yiiblog\protected\views\post\_view.php (44)
in C:\xampp\htdocs\pdc04\yiiblog\protected\views\post\index.php (21)
in C:\xampp\htdocs\pdc04\yiiblog\protected\controllers\PostController.php (170)
2025/03/14 17:59:50 [error] [php] Undefined variable $model (C:\xampp\htdocs\pdc04\yiiblog\protected\views\post\_view.php:44)
Stack trace:
#0 C:\xampp\htdocs\pdc04\yiiblog\framework\web\CBaseController.php(130): require()
#1 C:\xampp\htdocs\pdc04\yiiblog\framework\web\CBaseController.php(95): PostController->renderInternal()
#2 C:\xampp\htdocs\pdc04\yiiblog\framework\zii\widgets\CListView.php(291): PostController->renderFile()
#3 C:\xampp\htdocs\pdc04\yiiblog\framework\zii\widgets\CBaseListView.php(181): CListView->renderItems()
#4 unknown(0): CListView->renderSection()
#5 C:\xampp\htdocs\pdc04\yiiblog\framework\zii\widgets\CBaseListView.php(164): preg_replace_callback()
#6 C:\xampp\htdocs\pdc04\yiiblog\framework\zii\widgets\CBaseListView.php(149): CListView->renderContent()
#7 C:\xampp\htdocs\pdc04\yiiblog\framework\web\CBaseController.php(182): CListView->run()
#8 C:\xampp\htdocs\pdc04\yiiblog\protected\views\post\index.php(21): PostController->widget()
#9 C:\xampp\htdocs\pdc04\yiiblog\framework\web\CBaseController.php(126): require()
#10 C:\xampp\htdocs\pdc04\yiiblog\framework\web\CBaseController.php(95): PostController->renderInternal()
#11 C:\xampp\htdocs\pdc04\yiiblog\framework\web\CController.php(872): PostController->renderFile()
#12 C:\xampp\htdocs\pdc04\yiiblog\framework\web\CController.php(785): PostController->renderPartial()
#13 C:\xampp\htdocs\pdc04\yiiblog\protected\controllers\PostController.php(170): PostController->render()
#14 C:\xampp\htdocs\pdc04\yiiblog\framework\web\actions\CInlineAction.php(49): PostController->actionIndex()
#15 C:\xampp\htdocs\pdc04\yiiblog\framework\web\CController.php(308): CInlineAction->runWithParams()
#16 C:\xampp\htdocs\pdc04\yiiblog\framework\web\filters\CFilterChain.php(134): PostController->runAction()
#17 C:\xampp\htdocs\pdc04\yiiblog\framework\web\filters\CFilter.php(40): CFilterChain->run()
#18 C:\xampp\htdocs\pdc04\yiiblog\framework\web\CController.php(1148): CAccessControlFilter->filter()
#19 C:\xampp\htdocs\pdc04\yiiblog\framework\web\filters\CInlineFilter.php(58): PostController->filterAccessControl()
#20 C:\xampp\htdocs\pdc04\yiiblog\framework\web\filters\CFilterChain.php(131): CInlineFilter->filter()
#21 C:\xampp\htdocs\pdc04\yiiblog\framework\web\CController.php(291): CFilterChain->run()
#22 C:\xampp\htdocs\pdc04\yiiblog\framework\web\CController.php(265): PostController->runActionWithFilters()
#23 C:\xampp\htdocs\pdc04\yiiblog\framework\web\CWebApplication.php(282): PostController->run()
#24 C:\xampp\htdocs\pdc04\yiiblog\framework\web\CWebApplication.php(141): CWebApplication->runController()
#25 C:\xampp\htdocs\pdc04\yiiblog\framework\base\CApplication.php(185): CWebApplication->processRequest()
#26 C:\xampp\htdocs\pdc04\yiiblog\index.php(13): CWebApplication->run()
REQUEST_URI=/pdc04/yiiblog/index.php/post
in C:\xampp\htdocs\pdc04\yiiblog\protected\views\post\_view.php (44)
in C:\xampp\htdocs\pdc04\yiiblog\protected\views\post\index.php (21)
in C:\xampp\htdocs\pdc04\yiiblog\protected\controllers\PostController.php (170)
2025/03/14 17:59:51 [error] [php] Undefined variable $model (C:\xampp\htdocs\pdc04\yiiblog\protected\views\post\_view.php:44)
Stack trace:
#0 C:\xampp\htdocs\pdc04\yiiblog\framework\web\CBaseController.php(130): require()
#1 C:\xampp\htdocs\pdc04\yiiblog\framework\web\CBaseController.php(95): PostController->renderInternal()
#2 C:\xampp\htdocs\pdc04\yiiblog\framework\zii\widgets\CListView.php(291): PostController->renderFile()
#3 C:\xampp\htdocs\pdc04\yiiblog\framework\zii\widgets\CBaseListView.php(181): CListView->renderItems()
#4 unknown(0): CListView->renderSection()
#5 C:\xampp\htdocs\pdc04\yiiblog\framework\zii\widgets\CBaseListView.php(164): preg_replace_callback()
#6 C:\xampp\htdocs\pdc04\yiiblog\framework\zii\widgets\CBaseListView.php(149): CListView->renderContent()
#7 C:\xampp\htdocs\pdc04\yiiblog\framework\web\CBaseController.php(182): CListView->run()
#8 C:\xampp\htdocs\pdc04\yiiblog\protected\views\post\index.php(21): PostController->widget()
#9 C:\xampp\htdocs\pdc04\yiiblog\framework\web\CBaseController.php(126): require()
#10 C:\xampp\htdocs\pdc04\yiiblog\framework\web\CBaseController.php(95): PostController->renderInternal()
#11 C:\xampp\htdocs\pdc04\yiiblog\framework\web\CController.php(872): PostController->renderFile()
#12 C:\xampp\htdocs\pdc04\yiiblog\framework\web\CController.php(785): PostController->renderPartial()
#13 C:\xampp\htdocs\pdc04\yiiblog\protected\controllers\PostController.php(170): PostController->render()
#14 C:\xampp\htdocs\pdc04\yiiblog\framework\web\actions\CInlineAction.php(49): PostController->actionIndex()
#15 C:\xampp\htdocs\pdc04\yiiblog\framework\web\CController.php(308): CInlineAction->runWithParams()
#16 C:\xampp\htdocs\pdc04\yiiblog\framework\web\filters\CFilterChain.php(134): PostController->runAction()
#17 C:\xampp\htdocs\pdc04\yiiblog\framework\web\filters\CFilter.php(40): CFilterChain->run()
#18 C:\xampp\htdocs\pdc04\yiiblog\framework\web\CController.php(1148): CAccessControlFilter->filter()
#19 C:\xampp\htdocs\pdc04\yiiblog\framework\web\filters\CInlineFilter.php(58): PostController->filterAccessControl()
#20 C:\xampp\htdocs\pdc04\yiiblog\framework\web\filters\CFilterChain.php(131): CInlineFilter->filter()
#21 C:\xampp\htdocs\pdc04\yiiblog\framework\web\CController.php(291): CFilterChain->run()
#22 C:\xampp\htdocs\pdc04\yiiblog\framework\web\CController.php(265): PostController->runActionWithFilters()
#23 C:\xampp\htdocs\pdc04\yiiblog\framework\web\CWebApplication.php(282): PostController->run()
#24 C:\xampp\htdocs\pdc04\yiiblog\framework\web\CWebApplication.php(141): CWebApplication->runController()
#25 C:\xampp\htdocs\pdc04\yiiblog\framework\base\CApplication.php(185): CWebApplication->processRequest()
#26 C:\xampp\htdocs\pdc04\yiiblog\index.php(13): CWebApplication->run()
REQUEST_URI=/pdc04/yiiblog/index.php/post
in C:\xampp\htdocs\pdc04\yiiblog\protected\views\post\_view.php (44)
in C:\xampp\htdocs\pdc04\yiiblog\protected\views\post\index.php (21)
in C:\xampp\htdocs\pdc04\yiiblog\protected\controllers\PostController.php (170)
2025/03/14 17:59:51 [error] [php] Undefined variable $model (C:\xampp\htdocs\pdc04\yiiblog\protected\views\post\_view.php:44)
Stack trace:
#0 C:\xampp\htdocs\pdc04\yiiblog\framework\web\CBaseController.php(130): require()
#1 C:\xampp\htdocs\pdc04\yiiblog\framework\web\CBaseController.php(95): PostController->renderInternal()
#2 C:\xampp\htdocs\pdc04\yiiblog\framework\zii\widgets\CListView.php(291): PostController->renderFile()
#3 C:\xampp\htdocs\pdc04\yiiblog\framework\zii\widgets\CBaseListView.php(181): CListView->renderItems()
#4 unknown(0): CListView->renderSection()
#5 C:\xampp\htdocs\pdc04\yiiblog\framework\zii\widgets\CBaseListView.php(164): preg_replace_callback()
#6 C:\xampp\htdocs\pdc04\yiiblog\framework\zii\widgets\CBaseListView.php(149): CListView->renderContent()
#7 C:\xampp\htdocs\pdc04\yiiblog\framework\web\CBaseController.php(182): CListView->run()
#8 C:\xampp\htdocs\pdc04\yiiblog\protected\views\post\index.php(21): PostController->widget()
#9 C:\xampp\htdocs\pdc04\yiiblog\framework\web\CBaseController.php(126): require()
#10 C:\xampp\htdocs\pdc04\yiiblog\framework\web\CBaseController.php(95): PostController->renderInternal()
#11 C:\xampp\htdocs\pdc04\yiiblog\framework\web\CController.php(872): PostController->renderFile()
#12 C:\xampp\htdocs\pdc04\yiiblog\framework\web\CController.php(785): PostController->renderPartial()
#13 C:\xampp\htdocs\pdc04\yiiblog\protected\controllers\PostController.php(170): PostController->render()
#14 C:\xampp\htdocs\pdc04\yiiblog\framework\web\actions\CInlineAction.php(49): PostController->actionIndex()
#15 C:\xampp\htdocs\pdc04\yiiblog\framework\web\CController.php(308): CInlineAction->runWithParams()
#16 C:\xampp\htdocs\pdc04\yiiblog\framework\web\filters\CFilterChain.php(134): PostController->runAction()
#17 C:\xampp\htdocs\pdc04\yiiblog\framework\web\filters\CFilter.php(40): CFilterChain->run()
#18 C:\xampp\htdocs\pdc04\yiiblog\framework\web\CController.php(1148): CAccessControlFilter->filter()
#19 C:\xampp\htdocs\pdc04\yiiblog\framework\web\filters\CInlineFilter.php(58): PostController->filterAccessControl()
#20 C:\xampp\htdocs\pdc04\yiiblog\framework\web\filters\CFilterChain.php(131): CInlineFilter->filter()
#21 C:\xampp\htdocs\pdc04\yiiblog\framework\web\CController.php(291): CFilterChain->run()
#22 C:\xampp\htdocs\pdc04\yiiblog\framework\web\CController.php(265): PostController->runActionWithFilters()
#23 C:\xampp\htdocs\pdc04\yiiblog\framework\web\CWebApplication.php(282): PostController->run()
#24 C:\xampp\htdocs\pdc04\yiiblog\framework\web\CWebApplication.php(141): CWebApplication->runController()
#25 C:\xampp\htdocs\pdc04\yiiblog\framework\base\CApplication.php(185): CWebApplication->processRequest()
#26 C:\xampp\htdocs\pdc04\yiiblog\index.php(13): CWebApplication->run()
REQUEST_URI=/pdc04/yiiblog/index.php/post
in C:\xampp\htdocs\pdc04\yiiblog\protected\views\post\_view.php (44)
in C:\xampp\htdocs\pdc04\yiiblog\protected\views\post\index.php (21)
in C:\xampp\htdocs\pdc04\yiiblog\protected\controllers\PostController.php (170)
2025/03/14 17:59:51 [error] [php] Undefined variable $model (C:\xampp\htdocs\pdc04\yiiblog\protected\views\post\_view.php:44)
Stack trace:
#0 C:\xampp\htdocs\pdc04\yiiblog\framework\web\CBaseController.php(130): require()
#1 C:\xampp\htdocs\pdc04\yiiblog\framework\web\CBaseController.php(95): PostController->renderInternal()
#2 C:\xampp\htdocs\pdc04\yiiblog\framework\zii\widgets\CListView.php(291): PostController->renderFile()
#3 C:\xampp\htdocs\pdc04\yiiblog\framework\zii\widgets\CBaseListView.php(181): CListView->renderItems()
#4 unknown(0): CListView->renderSection()
#5 C:\xampp\htdocs\pdc04\yiiblog\framework\zii\widgets\CBaseListView.php(164): preg_replace_callback()
#6 C:\xampp\htdocs\pdc04\yiiblog\framework\zii\widgets\CBaseListView.php(149): CListView->renderContent()
#7 C:\xampp\htdocs\pdc04\yiiblog\framework\web\CBaseController.php(182): CListView->run()
#8 C:\xampp\htdocs\pdc04\yiiblog\protected\views\post\index.php(21): PostController->widget()
#9 C:\xampp\htdocs\pdc04\yiiblog\framework\web\CBaseController.php(126): require()
#10 C:\xampp\htdocs\pdc04\yiiblog\framework\web\CBaseController.php(95): PostController->renderInternal()
#11 C:\xampp\htdocs\pdc04\yiiblog\framework\web\CController.php(872): PostController->renderFile()
#12 C:\xampp\htdocs\pdc04\yiiblog\framework\web\CController.php(785): PostController->renderPartial()
#13 C:\xampp\htdocs\pdc04\yiiblog\protected\controllers\PostController.php(170): PostController->render()
#14 C:\xampp\htdocs\pdc04\yiiblog\framework\web\actions\CInlineAction.php(49): PostController->actionIndex()
#15 C:\xampp\htdocs\pdc04\yiiblog\framework\web\CController.php(308): CInlineAction->runWithParams()
#16 C:\xampp\htdocs\pdc04\yiiblog\framework\web\filters\CFilterChain.php(134): PostController->runAction()
#17 C:\xampp\htdocs\pdc04\yiiblog\framework\web\filters\CFilter.php(40): CFilterChain->run()
#18 C:\xampp\htdocs\pdc04\yiiblog\framework\web\CController.php(1148): CAccessControlFilter->filter()
#19 C:\xampp\htdocs\pdc04\yiiblog\framework\web\filters\CInlineFilter.php(58): PostController->filterAccessControl()
#20 C:\xampp\htdocs\pdc04\yiiblog\framework\web\filters\CFilterChain.php(131): CInlineFilter->filter()
#21 C:\xampp\htdocs\pdc04\yiiblog\framework\web\CController.php(291): CFilterChain->run()
#22 C:\xampp\htdocs\pdc04\yiiblog\framework\web\CController.php(265): PostController->runActionWithFilters()
#23 C:\xampp\htdocs\pdc04\yiiblog\framework\web\CWebApplication.php(282): PostController->run()
#24 C:\xampp\htdocs\pdc04\yiiblog\framework\web\CWebApplication.php(141): CWebApplication->runController()
#25 C:\xampp\htdocs\pdc04\yiiblog\framework\base\CApplication.php(185): CWebApplication->processRequest()
#26 C:\xampp\htdocs\pdc04\yiiblog\index.php(13): CWebApplication->run()
REQUEST_URI=/pdc04/yiiblog/index.php/post
in C:\xampp\htdocs\pdc04\yiiblog\protected\views\post\_view.php (44)
in C:\xampp\htdocs\pdc04\yiiblog\protected\views\post\index.php (21)
in C:\xampp\htdocs\pdc04\yiiblog\protected\controllers\PostController.php (170)
2025/03/14 18:06:03 [error] [php] Undefined variable $comment (C:\xampp\htdocs\pdc04\yiiblog\protected\views\post\_view.php:63)
Stack trace:
#0 C:\xampp\htdocs\pdc04\yiiblog\framework\web\CBaseController.php(130): require()
#1 C:\xampp\htdocs\pdc04\yiiblog\framework\web\CBaseController.php(95): PostController->renderInternal()
#2 C:\xampp\htdocs\pdc04\yiiblog\framework\zii\widgets\CListView.php(291): PostController->renderFile()
#3 C:\xampp\htdocs\pdc04\yiiblog\framework\zii\widgets\CBaseListView.php(181): CListView->renderItems()
#4 unknown(0): CListView->renderSection()
#5 C:\xampp\htdocs\pdc04\yiiblog\framework\zii\widgets\CBaseListView.php(164): preg_replace_callback()
#6 C:\xampp\htdocs\pdc04\yiiblog\framework\zii\widgets\CBaseListView.php(149): CListView->renderContent()
#7 C:\xampp\htdocs\pdc04\yiiblog\framework\web\CBaseController.php(182): CListView->run()
#8 C:\xampp\htdocs\pdc04\yiiblog\protected\views\post\index.php(21): PostController->widget()
#9 C:\xampp\htdocs\pdc04\yiiblog\framework\web\CBaseController.php(126): require()
#10 C:\xampp\htdocs\pdc04\yiiblog\framework\web\CBaseController.php(95): PostController->renderInternal()
#11 C:\xampp\htdocs\pdc04\yiiblog\framework\web\CController.php(872): PostController->renderFile()
#12 C:\xampp\htdocs\pdc04\yiiblog\framework\web\CController.php(785): PostController->renderPartial()
#13 C:\xampp\htdocs\pdc04\yiiblog\protected\controllers\PostController.php(170): PostController->render()
#14 C:\xampp\htdocs\pdc04\yiiblog\framework\web\actions\CInlineAction.php(49): PostController->actionIndex()
#15 C:\xampp\htdocs\pdc04\yiiblog\framework\web\CController.php(308): CInlineAction->runWithParams()
#16 C:\xampp\htdocs\pdc04\yiiblog\framework\web\filters\CFilterChain.php(134): PostController->runAction()
#17 C:\xampp\htdocs\pdc04\yiiblog\framework\web\filters\CFilter.php(40): CFilterChain->run()
#18 C:\xampp\htdocs\pdc04\yiiblog\framework\web\CController.php(1148): CAccessControlFilter->filter()
#19 C:\xampp\htdocs\pdc04\yiiblog\framework\web\filters\CInlineFilter.php(58): PostController->filterAccessControl()
#20 C:\xampp\htdocs\pdc04\yiiblog\framework\web\filters\CFilterChain.php(131): CInlineFilter->filter()
#21 C:\xampp\htdocs\pdc04\yiiblog\framework\web\CController.php(291): CFilterChain->run()
#22 C:\xampp\htdocs\pdc04\yiiblog\framework\web\CController.php(265): PostController->runActionWithFilters()
#23 C:\xampp\htdocs\pdc04\yiiblog\framework\web\CWebApplication.php(282): PostController->run()
#24 C:\xampp\htdocs\pdc04\yiiblog\framework\web\CWebApplication.php(141): CWebApplication->runController()
#25 C:\xampp\htdocs\pdc04\yiiblog\framework\base\CApplication.php(185): CWebApplication->processRequest()
#26 C:\xampp\htdocs\pdc04\yiiblog\index.php(13): CWebApplication->run()
REQUEST_URI=/pdc04/yiiblog/index.php/post
in C:\xampp\htdocs\pdc04\yiiblog\protected\views\post\_view.php (63)
in C:\xampp\htdocs\pdc04\yiiblog\protected\views\post\index.php (21)
in C:\xampp\htdocs\pdc04\yiiblog\protected\controllers\PostController.php (170)
2025/03/14 18:11:37 [error] [php] Undefined variable $comment (C:\xampp\htdocs\pdc04\yiiblog\protected\views\post\index.php:25)
Stack trace:
#0 C:\xampp\htdocs\pdc04\yiiblog\framework\web\CBaseController.php(126): require()
#1 C:\xampp\htdocs\pdc04\yiiblog\framework\web\CBaseController.php(95): PostController->renderInternal()
#2 C:\xampp\htdocs\pdc04\yiiblog\framework\web\CController.php(872): PostController->renderFile()
#3 C:\xampp\htdocs\pdc04\yiiblog\framework\web\CController.php(785): PostController->renderPartial()
#4 C:\xampp\htdocs\pdc04\yiiblog\protected\controllers\PostController.php(170): PostController->render()
#5 C:\xampp\htdocs\pdc04\yiiblog\framework\web\actions\CInlineAction.php(49): PostController->actionIndex()
#6 C:\xampp\htdocs\pdc04\yiiblog\framework\web\CController.php(308): CInlineAction->runWithParams()
#7 C:\xampp\htdocs\pdc04\yiiblog\framework\web\filters\CFilterChain.php(134): PostController->runAction()
#8 C:\xampp\htdocs\pdc04\yiiblog\framework\web\filters\CFilter.php(40): CFilterChain->run()
#9 C:\xampp\htdocs\pdc04\yiiblog\framework\web\CController.php(1148): CAccessControlFilter->filter()
#10 C:\xampp\htdocs\pdc04\yiiblog\framework\web\filters\CInlineFilter.php(58): PostController->filterAccessControl()
#11 C:\xampp\htdocs\pdc04\yiiblog\framework\web\filters\CFilterChain.php(131): CInlineFilter->filter()
#12 C:\xampp\htdocs\pdc04\yiiblog\framework\web\CController.php(291): CFilterChain->run()
#13 C:\xampp\htdocs\pdc04\yiiblog\framework\web\CController.php(265): PostController->runActionWithFilters()
#14 C:\xampp\htdocs\pdc04\yiiblog\framework\web\CWebApplication.php(282): PostController->run()
#15 C:\xampp\htdocs\pdc04\yiiblog\framework\web\CWebApplication.php(141): CWebApplication->runController()
#16 C:\xampp\htdocs\pdc04\yiiblog\framework\base\CApplication.php(185): CWebApplication->processRequest()
#17 C:\xampp\htdocs\pdc04\yiiblog\index.php(13): CWebApplication->run()
REQUEST_URI=/pdc04/yiiblog/index.php/post
in C:\xampp\htdocs\pdc04\yiiblog\protected\views\post\index.php (25)
in C:\xampp\htdocs\pdc04\yiiblog\protected\controllers\PostController.php (170)
in C:\xampp\htdocs\pdc04\yiiblog\index.php (13)
2025/03/14 18:11:38 [error] [php] Undefined variable $comment (C:\xampp\htdocs\pdc04\yiiblog\protected\views\post\index.php:25)
Stack trace:
#0 C:\xampp\htdocs\pdc04\yiiblog\framework\web\CBaseController.php(126): require()
#1 C:\xampp\htdocs\pdc04\yiiblog\framework\web\CBaseController.php(95): PostController->renderInternal()
#2 C:\xampp\htdocs\pdc04\yiiblog\framework\web\CController.php(872): PostController->renderFile()
#3 C:\xampp\htdocs\pdc04\yiiblog\framework\web\CController.php(785): PostController->renderPartial()
#4 C:\xampp\htdocs\pdc04\yiiblog\protected\controllers\PostController.php(170): PostController->render()
#5 C:\xampp\htdocs\pdc04\yiiblog\framework\web\actions\CInlineAction.php(49): PostController->actionIndex()
#6 C:\xampp\htdocs\pdc04\yiiblog\framework\web\CController.php(308): CInlineAction->runWithParams()
#7 C:\xampp\htdocs\pdc04\yiiblog\framework\web\filters\CFilterChain.php(134): PostController->runAction()
#8 C:\xampp\htdocs\pdc04\yiiblog\framework\web\filters\CFilter.php(40): CFilterChain->run()
#9 C:\xampp\htdocs\pdc04\yiiblog\framework\web\CController.php(1148): CAccessControlFilter->filter()
#10 C:\xampp\htdocs\pdc04\yiiblog\framework\web\filters\CInlineFilter.php(58): PostController->filterAccessControl()
#11 C:\xampp\htdocs\pdc04\yiiblog\framework\web\filters\CFilterChain.php(131): CInlineFilter->filter()
#12 C:\xampp\htdocs\pdc04\yiiblog\framework\web\CController.php(291): CFilterChain->run()
#13 C:\xampp\htdocs\pdc04\yiiblog\framework\web\CController.php(265): PostController->runActionWithFilters()
#14 C:\xampp\htdocs\pdc04\yiiblog\framework\web\CWebApplication.php(282): PostController->run()
#15 C:\xampp\htdocs\pdc04\yiiblog\framework\web\CWebApplication.php(141): CWebApplication->runController()
#16 C:\xampp\htdocs\pdc04\yiiblog\framework\base\CApplication.php(185): CWebApplication->processRequest()
#17 C:\xampp\htdocs\pdc04\yiiblog\index.php(13): CWebApplication->run()
REQUEST_URI=/pdc04/yiiblog/index.php/post
in C:\xampp\htdocs\pdc04\yiiblog\protected\views\post\index.php (25)
in C:\xampp\htdocs\pdc04\yiiblog\protected\controllers\PostController.php (170)
in C:\xampp\htdocs\pdc04\yiiblog\index.php (13)
2025/03/14 18:13:15 [error] [php] Undefined variable $comment (C:\xampp\htdocs\pdc04\yiiblog\protected\views\post\index.php:25)
Stack trace:
#0 C:\xampp\htdocs\pdc04\yiiblog\framework\web\CBaseController.php(126): require()
#1 C:\xampp\htdocs\pdc04\yiiblog\framework\web\CBaseController.php(95): PostController->renderInternal()
#2 C:\xampp\htdocs\pdc04\yiiblog\framework\web\CController.php(872): PostController->renderFile()
#3 C:\xampp\htdocs\pdc04\yiiblog\framework\web\CController.php(785): PostController->renderPartial()
#4 C:\xampp\htdocs\pdc04\yiiblog\protected\controllers\PostController.php(170): PostController->render()
#5 C:\xampp\htdocs\pdc04\yiiblog\framework\web\actions\CInlineAction.php(49): PostController->actionIndex()
#6 C:\xampp\htdocs\pdc04\yiiblog\framework\web\CController.php(308): CInlineAction->runWithParams()
#7 C:\xampp\htdocs\pdc04\yiiblog\framework\web\filters\CFilterChain.php(134): PostController->runAction()
#8 C:\xampp\htdocs\pdc04\yiiblog\framework\web\filters\CFilter.php(40): CFilterChain->run()
#9 C:\xampp\htdocs\pdc04\yiiblog\framework\web\CController.php(1148): CAccessControlFilter->filter()
#10 C:\xampp\htdocs\pdc04\yiiblog\framework\web\filters\CInlineFilter.php(58): PostController->filterAccessControl()
#11 C:\xampp\htdocs\pdc04\yiiblog\framework\web\filters\CFilterChain.php(131): CInlineFilter->filter()
#12 C:\xampp\htdocs\pdc04\yiiblog\framework\web\CController.php(291): CFilterChain->run()
#13 C:\xampp\htdocs\pdc04\yiiblog\framework\web\CController.php(265): PostController->runActionWithFilters()
#14 C:\xampp\htdocs\pdc04\yiiblog\framework\web\CWebApplication.php(282): PostController->run()
#15 C:\xampp\htdocs\pdc04\yiiblog\framework\web\CWebApplication.php(141): CWebApplication->runController()
#16 C:\xampp\htdocs\pdc04\yiiblog\framework\base\CApplication.php(185): CWebApplication->processRequest()
#17 C:\xampp\htdocs\pdc04\yiiblog\index.php(13): CWebApplication->run()
REQUEST_URI=/pdc04/yiiblog/index.php/post
in C:\xampp\htdocs\pdc04\yiiblog\protected\views\post\index.php (25)
in C:\xampp\htdocs\pdc04\yiiblog\protected\controllers\PostController.php (170)
in C:\xampp\htdocs\pdc04\yiiblog\index.php (13)
2025/03/14 18:13:16 [error] [php] Undefined variable $comment (C:\xampp\htdocs\pdc04\yiiblog\protected\views\post\index.php:25)
Stack trace:
#0 C:\xampp\htdocs\pdc04\yiiblog\framework\web\CBaseController.php(126): require()
#1 C:\xampp\htdocs\pdc04\yiiblog\framework\web\CBaseController.php(95): PostController->renderInternal()
#2 C:\xampp\htdocs\pdc04\yiiblog\framework\web\CController.php(872): PostController->renderFile()
#3 C:\xampp\htdocs\pdc04\yiiblog\framework\web\CController.php(785): PostController->renderPartial()
#4 C:\xampp\htdocs\pdc04\yiiblog\protected\controllers\PostController.php(170): PostController->render()
#5 C:\xampp\htdocs\pdc04\yiiblog\framework\web\actions\CInlineAction.php(49): PostController->actionIndex()
#6 C:\xampp\htdocs\pdc04\yiiblog\framework\web\CController.php(308): CInlineAction->runWithParams()
#7 C:\xampp\htdocs\pdc04\yiiblog\framework\web\filters\CFilterChain.php(134): PostController->runAction()
#8 C:\xampp\htdocs\pdc04\yiiblog\framework\web\filters\CFilter.php(40): CFilterChain->run()
#9 C:\xampp\htdocs\pdc04\yiiblog\framework\web\CController.php(1148): CAccessControlFilter->filter()
#10 C:\xampp\htdocs\pdc04\yiiblog\framework\web\filters\CInlineFilter.php(58): PostController->filterAccessControl()
#11 C:\xampp\htdocs\pdc04\yiiblog\framework\web\filters\CFilterChain.php(131): CInlineFilter->filter()
#12 C:\xampp\htdocs\pdc04\yiiblog\framework\web\CController.php(291): CFilterChain->run()
#13 C:\xampp\htdocs\pdc04\yiiblog\framework\web\CController.php(265): PostController->runActionWithFilters()
#14 C:\xampp\htdocs\pdc04\yiiblog\framework\web\CWebApplication.php(282): PostController->run()
#15 C:\xampp\htdocs\pdc04\yiiblog\framework\web\CWebApplication.php(141): CWebApplication->runController()
#16 C:\xampp\htdocs\pdc04\yiiblog\framework\base\CApplication.php(185): CWebApplication->processRequest()
#17 C:\xampp\htdocs\pdc04\yiiblog\index.php(13): CWebApplication->run()
REQUEST_URI=/pdc04/yiiblog/index.php/post
in C:\xampp\htdocs\pdc04\yiiblog\protected\views\post\index.php (25)
in C:\xampp\htdocs\pdc04\yiiblog\protected\controllers\PostController.php (170)
in C:\xampp\htdocs\pdc04\yiiblog\index.php (13)
2025/03/14 18:13:16 [error] [php] Undefined variable $comment (C:\xampp\htdocs\pdc04\yiiblog\protected\views\post\index.php:25)
Stack trace:
#0 C:\xampp\htdocs\pdc04\yiiblog\framework\web\CBaseController.php(126): require()
#1 C:\xampp\htdocs\pdc04\yiiblog\framework\web\CBaseController.php(95): PostController->renderInternal()
#2 C:\xampp\htdocs\pdc04\yiiblog\framework\web\CController.php(872): PostController->renderFile()
#3 C:\xampp\htdocs\pdc04\yiiblog\framework\web\CController.php(785): PostController->renderPartial()
#4 C:\xampp\htdocs\pdc04\yiiblog\protected\controllers\PostController.php(170): PostController->render()
#5 C:\xampp\htdocs\pdc04\yiiblog\framework\web\actions\CInlineAction.php(49): PostController->actionIndex()
#6 C:\xampp\htdocs\pdc04\yiiblog\framework\web\CController.php(308): CInlineAction->runWithParams()
#7 C:\xampp\htdocs\pdc04\yiiblog\framework\web\filters\CFilterChain.php(134): PostController->runAction()
#8 C:\xampp\htdocs\pdc04\yiiblog\framework\web\filters\CFilter.php(40): CFilterChain->run()
#9 C:\xampp\htdocs\pdc04\yiiblog\framework\web\CController.php(1148): CAccessControlFilter->filter()
#10 C:\xampp\htdocs\pdc04\yiiblog\framework\web\filters\CInlineFilter.php(58): PostController->filterAccessControl()
#11 C:\xampp\htdocs\pdc04\yiiblog\framework\web\filters\CFilterChain.php(131): CInlineFilter->filter()
#12 C:\xampp\htdocs\pdc04\yiiblog\framework\web\CController.php(291): CFilterChain->run()
#13 C:\xampp\htdocs\pdc04\yiiblog\framework\web\CController.php(265): PostController->runActionWithFilters()
#14 C:\xampp\htdocs\pdc04\yiiblog\framework\web\CWebApplication.php(282): PostController->run()
#15 C:\xampp\htdocs\pdc04\yiiblog\framework\web\CWebApplication.php(141): CWebApplication->runController()
#16 C:\xampp\htdocs\pdc04\yiiblog\framework\base\CApplication.php(185): CWebApplication->processRequest()
#17 C:\xampp\htdocs\pdc04\yiiblog\index.php(13): CWebApplication->run()
REQUEST_URI=/pdc04/yiiblog/index.php/post
in C:\xampp\htdocs\pdc04\yiiblog\protected\views\post\index.php (25)
in C:\xampp\htdocs\pdc04\yiiblog\protected\controllers\PostController.php (170)
in C:\xampp\htdocs\pdc04\yiiblog\index.php (13)
2025/03/14 18:13:16 [error] [php] Undefined variable $comment (C:\xampp\htdocs\pdc04\yiiblog\protected\views\post\index.php:25)
Stack trace:
#0 C:\xampp\htdocs\pdc04\yiiblog\framework\web\CBaseController.php(126): require()
#1 C:\xampp\htdocs\pdc04\yiiblog\framework\web\CBaseController.php(95): PostController->renderInternal()
#2 C:\xampp\htdocs\pdc04\yiiblog\framework\web\CController.php(872): PostController->renderFile()
#3 C:\xampp\htdocs\pdc04\yiiblog\framework\web\CController.php(785): PostController->renderPartial()
#4 C:\xampp\htdocs\pdc04\yiiblog\protected\controllers\PostController.php(170): PostController->render()
#5 C:\xampp\htdocs\pdc04\yiiblog\framework\web\actions\CInlineAction.php(49): PostController->actionIndex()
#6 C:\xampp\htdocs\pdc04\yiiblog\framework\web\CController.php(308): CInlineAction->runWithParams()
#7 C:\xampp\htdocs\pdc04\yiiblog\framework\web\filters\CFilterChain.php(134): PostController->runAction()
#8 C:\xampp\htdocs\pdc04\yiiblog\framework\web\filters\CFilter.php(40): CFilterChain->run()
#9 C:\xampp\htdocs\pdc04\yiiblog\framework\web\CController.php(1148): CAccessControlFilter->filter()
#10 C:\xampp\htdocs\pdc04\yiiblog\framework\web\filters\CInlineFilter.php(58): PostController->filterAccessControl()
#11 C:\xampp\htdocs\pdc04\yiiblog\framework\web\filters\CFilterChain.php(131): CInlineFilter->filter()
#12 C:\xampp\htdocs\pdc04\yiiblog\framework\web\CController.php(291): CFilterChain->run()
#13 C:\xampp\htdocs\pdc04\yiiblog\framework\web\CController.php(265): PostController->runActionWithFilters()
#14 C:\xampp\htdocs\pdc04\yiiblog\framework\web\CWebApplication.php(282): PostController->run()
#15 C:\xampp\htdocs\pdc04\yiiblog\framework\web\CWebApplication.php(141): CWebApplication->runController()
#16 C:\xampp\htdocs\pdc04\yiiblog\framework\base\CApplication.php(185): CWebApplication->processRequest()
#17 C:\xampp\htdocs\pdc04\yiiblog\index.php(13): CWebApplication->run()
REQUEST_URI=/pdc04/yiiblog/index.php/post
in C:\xampp\htdocs\pdc04\yiiblog\protected\views\post\index.php (25)
in C:\xampp\htdocs\pdc04\yiiblog\protected\controllers\PostController.php (170)
in C:\xampp\htdocs\pdc04\yiiblog\index.php (13)
2025/03/14 18:13:16 [error] [php] Undefined variable $comment (C:\xampp\htdocs\pdc04\yiiblog\protected\views\post\index.php:25)
Stack trace:
#0 C:\xampp\htdocs\pdc04\yiiblog\framework\web\CBaseController.php(126): require()
#1 C:\xampp\htdocs\pdc04\yiiblog\framework\web\CBaseController.php(95): PostController->renderInternal()
#2 C:\xampp\htdocs\pdc04\yiiblog\framework\web\CController.php(872): PostController->renderFile()
#3 C:\xampp\htdocs\pdc04\yiiblog\framework\web\CController.php(785): PostController->renderPartial()
#4 C:\xampp\htdocs\pdc04\yiiblog\protected\controllers\PostController.php(170): PostController->render()
#5 C:\xampp\htdocs\pdc04\yiiblog\framework\web\actions\CInlineAction.php(49): PostController->actionIndex()
#6 C:\xampp\htdocs\pdc04\yiiblog\framework\web\CController.php(308): CInlineAction->runWithParams()
#7 C:\xampp\htdocs\pdc04\yiiblog\framework\web\filters\CFilterChain.php(134): PostController->runAction()
#8 C:\xampp\htdocs\pdc04\yiiblog\framework\web\filters\CFilter.php(40): CFilterChain->run()
#9 C:\xampp\htdocs\pdc04\yiiblog\framework\web\CController.php(1148): CAccessControlFilter->filter()
#10 C:\xampp\htdocs\pdc04\yiiblog\framework\web\filters\CInlineFilter.php(58): PostController->filterAccessControl()
#11 C:\xampp\htdocs\pdc04\yiiblog\framework\web\filters\CFilterChain.php(131): CInlineFilter->filter()
#12 C:\xampp\htdocs\pdc04\yiiblog\framework\web\CController.php(291): CFilterChain->run()
#13 C:\xampp\htdocs\pdc04\yiiblog\framework\web\CController.php(265): PostController->runActionWithFilters()
#14 C:\xampp\htdocs\pdc04\yiiblog\framework\web\CWebApplication.php(282): PostController->run()
#15 C:\xampp\htdocs\pdc04\yiiblog\framework\web\CWebApplication.php(141): CWebApplication->runController()
#16 C:\xampp\htdocs\pdc04\yiiblog\framework\base\CApplication.php(185): CWebApplication->processRequest()
#17 C:\xampp\htdocs\pdc04\yiiblog\index.php(13): CWebApplication->run()
REQUEST_URI=/pdc04/yiiblog/index.php/post
in C:\xampp\htdocs\pdc04\yiiblog\protected\views\post\index.php (25)
in C:\xampp\htdocs\pdc04\yiiblog\protected\controllers\PostController.php (170)
in C:\xampp\htdocs\pdc04\yiiblog\index.php (13)
2025/03/14 18:39:09 [error] [exception.CHttpException.404] CHttpException: The requested page does not exist. in C:\xampp\htdocs\pdc04\yiiblog\protected\controllers\PostController.php:216
Stack trace:
#0 C:\xampp\htdocs\pdc04\yiiblog\protected\controllers\PostController.php(49): PostController->loadModel('10')
#1 [internal function]: PostController->actionView('10')
#2 C:\xampp\htdocs\pdc04\yiiblog\framework\web\actions\CAction.php(114): ReflectionMethod->invokeArgs(Object(PostController), Array)
#3 C:\xampp\htdocs\pdc04\yiiblog\framework\web\actions\CInlineAction.php(47): CAction->runWithParamsInternal(Object(PostController), Object(ReflectionMethod), Array)
#4 C:\xampp\htdocs\pdc04\yiiblog\framework\web\CController.php(308): CInlineAction->runWithParams(Array)
#5 C:\xampp\htdocs\pdc04\yiiblog\framework\web\filters\CFilterChain.php(134): CController->runAction(Object(CInlineAction))
#6 C:\xampp\htdocs\pdc04\yiiblog\framework\web\filters\CFilter.php(40): CFilterChain->run()
#7 C:\xampp\htdocs\pdc04\yiiblog\framework\web\CController.php(1148): CFilter->filter(Object(CFilterChain))
#8 C:\xampp\htdocs\pdc04\yiiblog\framework\web\filters\CInlineFilter.php(58): CController->filterAccessControl(Object(CFilterChain))
#9 C:\xampp\htdocs\pdc04\yiiblog\framework\web\filters\CFilterChain.php(131): CInlineFilter->filter(Object(CFilterChain))
#10 C:\xampp\htdocs\pdc04\yiiblog\framework\web\CController.php(291): CFilterChain->run()
#11 C:\xampp\htdocs\pdc04\yiiblog\framework\web\CController.php(265): CController->runActionWithFilters(Object(CInlineAction), Array)
#12 C:\xampp\htdocs\pdc04\yiiblog\framework\web\CWebApplication.php(282): CController->run('view')
#13 C:\xampp\htdocs\pdc04\yiiblog\framework\web\CWebApplication.php(141): CWebApplication->runController('post/view')
#14 C:\xampp\htdocs\pdc04\yiiblog\framework\base\CApplication.php(185): CWebApplication->processRequest()
#15 C:\xampp\htdocs\pdc04\yiiblog\index.php(13): CApplication->run()
#16 {main}
REQUEST_URI=/pdc04/yiiblog/index.php/post/10
---
2025/03/14 19:09:05 [warning] [application] Failed to set unsafe attribute "status" of "Comment".
in C:\xampp\htdocs\pdc04\yiiblog\protected\controllers\CommentController.php (67)
in C:\xampp\htdocs\pdc04\yiiblog\index.php (13)
2025/03/14 19:09:05 [warning] [application] Failed to set unsafe attribute "create_time" of "Comment".
in C:\xampp\htdocs\pdc04\yiiblog\protected\controllers\CommentController.php (67)
in C:\xampp\htdocs\pdc04\yiiblog\index.php (13)
2025/03/14 19:09:07 [warning] [application] Failed to set unsafe attribute "status" of "Comment".
in C:\xampp\htdocs\pdc04\yiiblog\protected\controllers\CommentController.php (67)
in C:\xampp\htdocs\pdc04\yiiblog\index.php (13)
2025/03/14 19:09:07 [warning] [application] Failed to set unsafe attribute "create_time" of "Comment".
in C:\xampp\htdocs\pdc04\yiiblog\protected\controllers\CommentController.php (67)
in C:\xampp\htdocs\pdc04\yiiblog\index.php (13)
2025/03/14 19:09:09 [warning] [application] Failed to set unsafe attribute "status" of "Comment".
in C:\xampp\htdocs\pdc04\yiiblog\protected\controllers\CommentController.php (67)
in C:\xampp\htdocs\pdc04\yiiblog\index.php (13)
2025/03/14 19:09:09 [warning] [application] Failed to set unsafe attribute "create_time" of "Comment".
in C:\xampp\htdocs\pdc04\yiiblog\protected\controllers\CommentController.php (67)
in C:\xampp\htdocs\pdc04\yiiblog\index.php (13)
2025/03/14 19:09:11 [warning] [application] Failed to set unsafe attribute "status" of "Comment".
in C:\xampp\htdocs\pdc04\yiiblog\protected\controllers\CommentController.php (67)
in C:\xampp\htdocs\pdc04\yiiblog\index.php (13)
2025/03/14 19:09:11 [warning] [application] Failed to set unsafe attribute "create_time" of "Comment".
in C:\xampp\htdocs\pdc04\yiiblog\protected\controllers\CommentController.php (67)
in C:\xampp\htdocs\pdc04\yiiblog\index.php (13)
2025/03/14 19:10:30 [warning] [application] Failed to set unsafe attribute "status" of "Comment".
in C:\xampp\htdocs\pdc04\yiiblog\protected\controllers\CommentController.php (67)
in C:\xampp\htdocs\pdc04\yiiblog\index.php (13)
2025/03/14 19:10:30 [warning] [application] Failed to set unsafe attribute "create_time" of "Comment".
in C:\xampp\htdocs\pdc04\yiiblog\protected\controllers\CommentController.php (67)
in C:\xampp\htdocs\pdc04\yiiblog\index.php (13)
2025/03/14 19:10:32 [warning] [application] Failed to set unsafe attribute "status" of "Comment".
in C:\xampp\htdocs\pdc04\yiiblog\protected\controllers\CommentController.php (67)
in C:\xampp\htdocs\pdc04\yiiblog\index.php (13)
2025/03/14 19:10:32 [warning] [application] Failed to set unsafe attribute "create_time" of "Comment".
in C:\xampp\htdocs\pdc04\yiiblog\protected\controllers\CommentController.php (67)
in C:\xampp\htdocs\pdc04\yiiblog\index.php (13)
2025/03/14 19:10:38 [warning] [application] Failed to set unsafe attribute "status" of "Comment".
in C:\xampp\htdocs\pdc04\yiiblog\protected\controllers\CommentController.php (67)
in C:\xampp\htdocs\pdc04\yiiblog\index.php (13)
2025/03/14 19:10:38 [warning] [application] Failed to set unsafe attribute "create_time" of "Comment".
in C:\xampp\htdocs\pdc04\yiiblog\protected\controllers\CommentController.php (67)
in C:\xampp\htdocs\pdc04\yiiblog\index.php (13)
2025/03/14 19:10:48 [warning] [application] Failed to set unsafe attribute "status" of "Comment".
in C:\xampp\htdocs\pdc04\yiiblog\protected\controllers\CommentController.php (67)
in C:\xampp\htdocs\pdc04\yiiblog\index.php (13)
2025/03/14 19:10:48 [warning] [application] Failed to set unsafe attribute "create_time" of "Comment".
in C:\xampp\htdocs\pdc04\yiiblog\protected\controllers\CommentController.php (67)
in C:\xampp\htdocs\pdc04\yiiblog\index.php (13)
2025/03/14 19:15:51 [warning] [application] Failed to set unsafe attribute "status" of "Comment".
in C:\xampp\htdocs\pdc04\yiiblog\protected\controllers\CommentController.php (67)
in C:\xampp\htdocs\pdc04\yiiblog\index.php (13)
2025/03/14 19:15:51 [warning] [application] Failed to set unsafe attribute "create_time" of "Comment".
in C:\xampp\htdocs\pdc04\yiiblog\protected\controllers\CommentController.php (67)
in C:\xampp\htdocs\pdc04\yiiblog\index.php (13)
2025/03/14 19:21:08 [warning] [application] Failed to set unsafe attribute "status" of "Comment".
in C:\xampp\htdocs\pdc04\yiiblog\protected\controllers\CommentController.php (67)
in C:\xampp\htdocs\pdc04\yiiblog\index.php (13)
2025/03/14 19:21:08 [warning] [application] Failed to set unsafe attribute "create_time" of "Comment".
in C:\xampp\htdocs\pdc04\yiiblog\protected\controllers\CommentController.php (67)
in C:\xampp\htdocs\pdc04\yiiblog\index.php (13)
2025/03/14 19:21:11 [warning] [application] Failed to set unsafe attribute "status" of "Comment".
in C:\xampp\htdocs\pdc04\yiiblog\protected\controllers\CommentController.php (67)
in C:\xampp\htdocs\pdc04\yiiblog\index.php (13)
2025/03/14 19:21:11 [warning] [application] Failed to set unsafe attribute "create_time" of "Comment".
in C:\xampp\htdocs\pdc04\yiiblog\protected\controllers\CommentController.php (67)
in C:\xampp\htdocs\pdc04\yiiblog\index.php (13)
2025/03/14 19:21:12 [warning] [application] Failed to set unsafe attribute "status" of "Comment".
in C:\xampp\htdocs\pdc04\yiiblog\protected\controllers\CommentController.php (67)
in C:\xampp\htdocs\pdc04\yiiblog\index.php (13)
2025/03/14 19:21:12 [warning] [application] Failed to set unsafe attribute "create_time" of "Comment".
in C:\xampp\htdocs\pdc04\yiiblog\protected\controllers\CommentController.php (67)
in C:\xampp\htdocs\pdc04\yiiblog\index.php (13)
2025/03/14 19:21:14 [warning] [application] Failed to set unsafe attribute "status" of "Comment".
in C:\xampp\htdocs\pdc04\yiiblog\protected\controllers\CommentController.php (67)
in C:\xampp\htdocs\pdc04\yiiblog\index.php (13)
2025/03/14 19:21:14 [warning] [application] Failed to set unsafe attribute "create_time" of "Comment".
in C:\xampp\htdocs\pdc04\yiiblog\protected\controllers\CommentController.php (67)
in C:\xampp\htdocs\pdc04\yiiblog\index.php (13)
2025/03/14 19:21:18 [warning] [application] Failed to set unsafe attribute "status" of "Comment".
in C:\xampp\htdocs\pdc04\yiiblog\protected\controllers\CommentController.php (67)
in C:\xampp\htdocs\pdc04\yiiblog\index.php (13)
2025/03/14 19:21:18 [warning] [application] Failed to set unsafe attribute "create_time" of "Comment".
in C:\xampp\htdocs\pdc04\yiiblog\protected\controllers\CommentController.php (67)
in C:\xampp\htdocs\pdc04\yiiblog\index.php (13)
2025/03/14 19:21:18 [warning] [application] Failed to set unsafe attribute "status" of "Comment".
in C:\xampp\htdocs\pdc04\yiiblog\protected\controllers\CommentController.php (67)
in C:\xampp\htdocs\pdc04\yiiblog\index.php (13)
2025/03/14 19:21:18 [warning] [application] Failed to set unsafe attribute "create_time" of "Comment".
in C:\xampp\htdocs\pdc04\yiiblog\protected\controllers\CommentController.php (67)
in C:\xampp\htdocs\pdc04\yiiblog\index.php (13)
